pytest	UNKNOWN STEP	∩╗┐2026-05-25T00:33:45.6007533Z Current runner version: '2.334.0'
pytest	UNKNOWN STEP	2026-05-25T00:33:45.6084483Z ##[group]Runner Image Provisioner
pytest	UNKNOWN STEP	2026-05-25T00:33:45.6085777Z Hosted Compute Agent
pytest	UNKNOWN STEP	2026-05-25T00:33:45.6086661Z Version: 20260213.493
pytest	UNKNOWN STEP	2026-05-25T00:33:45.6087729Z Commit: 5c115507f6dd24b8de37d8bbe0bb4509d0cc0fa3
pytest	UNKNOWN STEP	2026-05-25T00:33:45.6088951Z Build Date: 2026-02-13T00:28:41Z
pytest	UNKNOWN STEP	2026-05-25T00:33:45.6090056Z Worker ID: {68accfd5-4ac7-414b-b8b5-373125267e5c}
pytest	UNKNOWN STEP	2026-05-25T00:33:45.6091395Z Azure Region: northcentralus
pytest	UNKNOWN STEP	2026-05-25T00:33:45.6112872Z ##[endgroup]
pytest	UNKNOWN STEP	2026-05-25T00:33:45.6115247Z ##[group]Operating System
pytest	UNKNOWN STEP	2026-05-25T00:33:45.6116484Z Ubuntu
pytest	UNKNOWN STEP	2026-05-25T00:33:45.6117254Z 24.04.4
pytest	UNKNOWN STEP	2026-05-25T00:33:45.6117994Z LTS
pytest	UNKNOWN STEP	2026-05-25T00:33:45.6118877Z ##[endgroup]
pytest	UNKNOWN STEP	2026-05-25T00:33:45.6119709Z ##[group]Runner Image
pytest	UNKNOWN STEP	2026-05-25T00:33:45.6120579Z Image: ubuntu-24.04
pytest	UNKNOWN STEP	2026-05-25T00:33:45.6121503Z Version: 20260518.149.1
pytest	UNKNOWN STEP	2026-05-25T00:33:45.6123932Z Included Software: https://github.com/actions/runner-images/blob/ubuntu24/20260518.149/images/ubuntu/Ubuntu2404-Readme.md
pytest	UNKNOWN STEP	2026-05-25T00:33:45.6126711Z Image Release: https://github.com/actions/runner-images/releases/tag/ubuntu24%2F20260518.149
pytest	UNKNOWN STEP	2026-05-25T00:33:45.6128309Z ##[endgroup]
pytest	UNKNOWN STEP	2026-05-25T00:33:45.6130069Z ##[group]GITHUB_TOKEN Permissions
pytest	UNKNOWN STEP	2026-05-25T00:33:45.6153430Z Contents: read
pytest	UNKNOWN STEP	2026-05-25T00:33:45.6154301Z Metadata: read
pytest	UNKNOWN STEP	2026-05-25T00:33:45.6155217Z ##[endgroup]
pytest	UNKNOWN STEP	2026-05-25T00:33:45.6158936Z Secret source: Actions
pytest	UNKNOWN STEP	2026-05-25T00:33:45.6160314Z Prepare workflow directory
pytest	UNKNOWN STEP	2026-05-25T00:33:45.7302776Z Prepare all required actions
pytest	UNKNOWN STEP	2026-05-25T00:33:45.7359465Z Getting action download info
pytest	UNKNOWN STEP	2026-05-25T00:33:46.1260696Z Download action repository 'actions/checkout@b4ffde65f46336ab88eb53be808477a3936bae11' (SHA:b4ffde65f46336ab88eb53be808477a3936bae11)
pytest	UNKNOWN STEP	2026-05-25T00:33:46.2995602Z Download action repository 'actions/setup-python@7f4fc3e22c37d6ff65e88745f38bd3157c663f7c' (SHA:7f4fc3e22c37d6ff65e88745f38bd3157c663f7c)
pytest	UNKNOWN STEP	2026-05-25T00:33:46.5337958Z Complete job name: pytest
pytest	UNKNOWN STEP	2026-05-25T00:33:46.6071077Z ##[group]Run actions/checkout@b4ffde65f46336ab88eb53be808477a3936bae11
pytest	UNKNOWN STEP	2026-05-25T00:33:46.6072352Z with:
pytest	UNKNOWN STEP	2026-05-25T00:33:46.6072763Z   repository: tcmegahan/Crown2026
pytest	UNKNOWN STEP	2026-05-25T00:33:46.6073430Z   token: ***
pytest	UNKNOWN STEP	2026-05-25T00:33:46.6073797Z   ssh-strict: true
pytest	UNKNOWN STEP	2026-05-25T00:33:46.6074198Z   persist-credentials: true
pytest	UNKNOWN STEP	2026-05-25T00:33:46.6074625Z   clean: true
pytest	UNKNOWN STEP	2026-05-25T00:33:46.6075015Z   sparse-checkout-cone-mode: true
pytest	UNKNOWN STEP	2026-05-25T00:33:46.6075489Z   fetch-depth: 1
pytest	UNKNOWN STEP	2026-05-25T00:33:46.6075872Z   fetch-tags: false
pytest	UNKNOWN STEP	2026-05-25T00:33:46.6076254Z   show-progress: true
pytest	UNKNOWN STEP	2026-05-25T00:33:46.6076646Z   lfs: false
pytest	UNKNOWN STEP	2026-05-25T00:33:46.6076998Z   submodules: false
pytest	UNKNOWN STEP	2026-05-25T00:33:46.6077389Z   set-safe-directory: true
pytest	UNKNOWN STEP	2026-05-25T00:33:46.6078082Z ##[endgroup]
pytest	UNKNOWN STEP	2026-05-25T00:33:46.7119437Z Syncing repository: tcmegahan/Crown2026
pytest	UNKNOWN STEP	2026-05-25T00:33:46.7121655Z ##[group]Getting Git version info
pytest	UNKNOWN STEP	2026-05-25T00:33:46.7122680Z Working directory is '/home/runner/work/Crown2026/Crown2026'
pytest	UNKNOWN STEP	2026-05-25T00:33:46.7124387Z [command]/usr/bin/git version
pytest	UNKNOWN STEP	2026-05-25T00:33:46.7157772Z git version 2.54.0
pytest	UNKNOWN STEP	2026-05-25T00:33:46.7188208Z ##[endgroup]
pytest	UNKNOWN STEP	2026-05-25T00:33:46.7206433Z Temporarily overriding HOME='/home/runner/work/_temp/ad185a64-3704-4add-91d6-f74a20487a50' before making global git config changes
pytest	UNKNOWN STEP	2026-05-25T00:33:46.7209478Z Adding repository directory to the temporary git global config as a safe directory
pytest	UNKNOWN STEP	2026-05-25T00:33:46.7212625Z [command]/usr/bin/git config --global --add safe.directory /home/runner/work/Crown2026/Crown2026
pytest	UNKNOWN STEP	2026-05-25T00:33:46.7264960Z Deleting the contents of '/home/runner/work/Crown2026/Crown2026'
pytest	UNKNOWN STEP	2026-05-25T00:33:46.7270567Z ##[group]Initializing the repository
pytest	UNKNOWN STEP	2026-05-25T00:33:46.7281034Z [command]/usr/bin/git init /home/runner/work/Crown2026/Crown2026
pytest	UNKNOWN STEP	2026-05-25T00:33:46.7390603Z hint: Using 'master' as the name for the initial branch. This default branch name
pytest	UNKNOWN STEP	2026-05-25T00:33:46.7394280Z hint: will change to "main" in Git 3.0. To configure the initial branch name
pytest	UNKNOWN STEP	2026-05-25T00:33:46.7396838Z hint: to use in all of your new repositories, which will suppress this warning,
pytest	UNKNOWN STEP	2026-05-25T00:33:46.7398787Z hint: call:
pytest	UNKNOWN STEP	2026-05-25T00:33:46.7401573Z hint:
pytest	UNKNOWN STEP	2026-05-25T00:33:46.7402742Z hint: 	git config --global init.defaultBranch <name>
pytest	UNKNOWN STEP	2026-05-25T00:33:46.7403665Z hint:
pytest	UNKNOWN STEP	2026-05-25T00:33:46.7404586Z hint: Names commonly chosen instead of 'master' are 'main', 'trunk' and
pytest	UNKNOWN STEP	2026-05-25T00:33:46.7406406Z hint: 'development'. The just-created branch can be renamed via this command:
pytest	UNKNOWN STEP	2026-05-25T00:33:46.7407590Z hint:
pytest	UNKNOWN STEP	2026-05-25T00:33:46.7408130Z hint: 	git branch -m <name>
pytest	UNKNOWN STEP	2026-05-25T00:33:46.7408727Z hint:
pytest	UNKNOWN STEP	2026-05-25T00:33:46.7409676Z hint: Disable this message with "git config set advice.defaultBranchName false"
pytest	UNKNOWN STEP	2026-05-25T00:33:46.7411267Z Initialized empty Git repository in /home/runner/work/Crown2026/Crown2026/.git/
pytest	UNKNOWN STEP	2026-05-25T00:33:46.7414232Z [command]/usr/bin/git remote add origin https://github.com/tcmegahan/Crown2026
pytest	UNKNOWN STEP	2026-05-25T00:33:46.7460339Z ##[endgroup]
pytest	UNKNOWN STEP	2026-05-25T00:33:46.7462306Z ##[group]Disabling automatic garbage collection
pytest	UNKNOWN STEP	2026-05-25T00:33:46.7464356Z [command]/usr/bin/git config --local gc.auto 0
pytest	UNKNOWN STEP	2026-05-25T00:33:46.7495664Z ##[endgroup]
pytest	UNKNOWN STEP	2026-05-25T00:33:46.7498105Z ##[group]Setting up auth
pytest	UNKNOWN STEP	2026-05-25T00:33:46.7502272Z [command]/usr/bin/git config --local --name-only --get-regexp core\.sshCommand
pytest	UNKNOWN STEP	2026-05-25T00:33:46.7537600Z [command]/usr/bin/git submodule foreach --recursive sh -c "git config --local --name-only --get-regexp 'core\.sshCommand' && git config --local --unset-all 'core.sshCommand' || :"
pytest	UNKNOWN STEP	2026-05-25T00:33:46.7890921Z [command]/usr/bin/git config --local --name-only --get-regexp http\.https\:\/\/github\.com\/\.extraheader
pytest	UNKNOWN STEP	2026-05-25T00:33:46.7923489Z [command]/usr/bin/git submodule foreach --recursive sh -c "git config --local --name-only --get-regexp 'http\.https\:\/\/github\.com\/\.extraheader' && git config --local --unset-all 'http.https://github.com/.extraheader' || :"
pytest	UNKNOWN STEP	2026-05-25T00:33:46.8161737Z [command]/usr/bin/git config --local http.https://github.com/.extraheader AUTHORIZATION: basic ***
pytest	UNKNOWN STEP	2026-05-25T00:33:46.8198872Z ##[endgroup]
pytest	UNKNOWN STEP	2026-05-25T00:33:46.8200828Z ##[group]Fetching the repository
pytest	UNKNOWN STEP	2026-05-25T00:33:46.8209368Z [command]/usr/bin/git -c protocol.version=2 fetch --no-tags --prune --no-recurse-submodules --depth=1 origin +1df88739d118943ad1617865cb06ba5c8422d341:refs/remotes/pull/847/merge
pytest	UNKNOWN STEP	2026-05-25T00:33:53.8155249Z From https://github.com/tcmegahan/Crown2026
pytest	UNKNOWN STEP	2026-05-25T00:33:53.8157744Z  * [new ref]         1df88739d118943ad1617865cb06ba5c8422d341 -> pull/847/merge
pytest	UNKNOWN STEP	2026-05-25T00:33:53.8194213Z ##[endgroup]
pytest	UNKNOWN STEP	2026-05-25T00:33:53.8196290Z ##[group]Determining the checkout info
pytest	UNKNOWN STEP	2026-05-25T00:33:53.8198502Z ##[endgroup]
pytest	UNKNOWN STEP	2026-05-25T00:33:53.8200433Z ##[group]Checking out the ref
pytest	UNKNOWN STEP	2026-05-25T00:33:53.8202800Z [command]/usr/bin/git checkout --progress --force refs/remotes/pull/847/merge
pytest	UNKNOWN STEP	2026-05-25T00:33:54.7191758Z Note: switching to 'refs/remotes/pull/847/merge'.
pytest	UNKNOWN STEP	2026-05-25T00:33:54.7192664Z 
pytest	UNKNOWN STEP	2026-05-25T00:33:54.7193105Z You are in 'detached HEAD' state. You can look around, make experimental
pytest	UNKNOWN STEP	2026-05-25T00:33:54.7193978Z changes and commit them, and you can discard any commits you make in this
pytest	UNKNOWN STEP	2026-05-25T00:33:54.7194817Z state without impacting any branches by switching back to a branch.
pytest	UNKNOWN STEP	2026-05-25T00:33:54.7195317Z 
pytest	UNKNOWN STEP	2026-05-25T00:33:54.7195655Z If you want to create a new branch to retain commits you create, you may
pytest	UNKNOWN STEP	2026-05-25T00:33:54.7196471Z do so (now or later) by using -c with the switch command. Example:
pytest	UNKNOWN STEP	2026-05-25T00:33:54.7196935Z 
pytest	UNKNOWN STEP	2026-05-25T00:33:54.7197135Z   git switch -c <new-branch-name>
pytest	UNKNOWN STEP	2026-05-25T00:33:54.7197479Z 
pytest	UNKNOWN STEP	2026-05-25T00:33:54.7197678Z Or undo this operation with:
pytest	UNKNOWN STEP	2026-05-25T00:33:54.7197985Z 
pytest	UNKNOWN STEP	2026-05-25T00:33:54.7200762Z   git switch -
pytest	UNKNOWN STEP	2026-05-25T00:33:54.7201522Z 
pytest	UNKNOWN STEP	2026-05-25T00:33:54.7202366Z Turn off this advice by setting config variable advice.detachedHead to false
pytest	UNKNOWN STEP	2026-05-25T00:33:54.7203138Z 
pytest	UNKNOWN STEP	2026-05-25T00:33:54.7203910Z HEAD is now at 1df8873 Merge 6f75892aa31cf8e6a8eab6d18fa18ba5bf03a1ca into d6da200523eedf48498abf37a07a80f81bb6c0af
pytest	UNKNOWN STEP	2026-05-25T00:33:54.7238607Z ##[endgroup]
pytest	UNKNOWN STEP	2026-05-25T00:33:54.7280555Z [command]/usr/bin/git log -1 --format='%H'
pytest	UNKNOWN STEP	2026-05-25T00:33:54.7305711Z '1df88739d118943ad1617865cb06ba5c8422d341'
pytest	UNKNOWN STEP	2026-05-25T00:33:54.7494233Z ##[group]Run echo "HOST=$(hostname)"
pytest	UNKNOWN STEP	2026-05-25T00:33:54.7494663Z [36;1mecho "HOST=$(hostname)"[0m
pytest	UNKNOWN STEP	2026-05-25T00:33:54.7495031Z [36;1mecho "WHO=$(whoami)"[0m
pytest	UNKNOWN STEP	2026-05-25T00:33:54.7495375Z [36;1mpython3 --version || python --version || true[0m
pytest	UNKNOWN STEP	2026-05-25T00:33:54.7495735Z [36;1mnode --version || true[0m
pytest	UNKNOWN STEP	2026-05-25T00:33:54.7496004Z [36;1mnpm --version || true[0m
pytest	UNKNOWN STEP	2026-05-25T00:33:54.7496271Z [36;1mdocker --version || true[0m
pytest	UNKNOWN STEP	2026-05-25T00:33:54.7496539Z [36;1mdf -h || true[0m
pytest	UNKNOWN STEP	2026-05-25T00:33:54.7535077Z shell: /usr/bin/bash --noprofile --norc -e -o pipefail {0}
pytest	UNKNOWN STEP	2026-05-25T00:33:54.7535522Z ##[endgroup]
pytest	UNKNOWN STEP	2026-05-25T00:33:54.7626650Z HOST=runnervmg397c
pytest	UNKNOWN STEP	2026-05-25T00:33:54.7646553Z WHO=runner
pytest	UNKNOWN STEP	2026-05-25T00:33:54.7658376Z Python 3.12.3
pytest	UNKNOWN STEP	2026-05-25T00:33:54.8413251Z v22.22.3
pytest	UNKNOWN STEP	2026-05-25T00:33:55.1089786Z 10.9.8
pytest	UNKNOWN STEP	2026-05-25T00:33:55.1877968Z Docker version 28.0.4, build b8034c0
pytest	UNKNOWN STEP	2026-05-25T00:33:55.2042353Z Filesystem      Size  Used Avail Use% Mounted on
pytest	UNKNOWN STEP	2026-05-25T00:33:55.2043491Z /dev/root        72G   56G   17G  77% /
pytest	UNKNOWN STEP	2026-05-25T00:33:55.2044217Z tmpfs           3.9G   84K  3.9G   1% /dev/shm
pytest	UNKNOWN STEP	2026-05-25T00:33:55.2045045Z tmpfs           1.6G 1016K  1.6G   1% /run
pytest	UNKNOWN STEP	2026-05-25T00:33:55.2045710Z tmpfs           5.0M     0  5.0M   0% /run/lock
pytest	UNKNOWN STEP	2026-05-25T00:33:55.2046450Z efivarfs        128M   32K  128M   1% /sys/firmware/efi/efivars
pytest	UNKNOWN STEP	2026-05-25T00:33:55.2047316Z /dev/sda16      881M   64M  756M   8% /boot
pytest	UNKNOWN STEP	2026-05-25T00:33:55.2047879Z /dev/sda15      105M  6.2M   99M   6% /boot/efi
pytest	UNKNOWN STEP	2026-05-25T00:33:55.2048380Z tmpfs           794M   12K  794M   1% /run/user/1001
pytest	UNKNOWN STEP	2026-05-25T00:33:55.2145104Z ##[group]Run actions/setup-python@7f4fc3e22c37d6ff65e88745f38bd3157c663f7c
pytest	UNKNOWN STEP	2026-05-25T00:33:55.2145541Z with:
pytest	UNKNOWN STEP	2026-05-25T00:33:55.2145724Z   python-version: 3.12
pytest	UNKNOWN STEP	2026-05-25T00:33:55.2145964Z   check-latest: false
pytest	UNKNOWN STEP	2026-05-25T00:33:55.2146314Z   token: ***
pytest	UNKNOWN STEP	2026-05-25T00:33:55.2146519Z   update-environment: true
pytest	UNKNOWN STEP	2026-05-25T00:33:55.2146746Z   allow-prereleases: false
pytest	UNKNOWN STEP	2026-05-25T00:33:55.2146951Z ##[endgroup]
pytest	UNKNOWN STEP	2026-05-25T00:33:55.3992735Z ##[group]Installed versions
pytest	UNKNOWN STEP	2026-05-25T00:33:55.4130348Z Successfully set up CPython (3.12.13)
pytest	UNKNOWN STEP	2026-05-25T00:33:55.4131470Z ##[endgroup]
pytest	UNKNOWN STEP	2026-05-25T00:33:55.4241639Z ##[group]Run python -m pip install --upgrade pip
pytest	UNKNOWN STEP	2026-05-25T00:33:55.4242434Z [36;1mpython -m pip install --upgrade pip[0m
pytest	UNKNOWN STEP	2026-05-25T00:33:55.4288116Z shell: /usr/bin/bash -e {0}
pytest	UNKNOWN STEP	2026-05-25T00:33:55.4288365Z env:
pytest	UNKNOWN STEP	2026-05-25T00:33:55.4288629Z   pythonLocation: /opt/hostedtoolcache/Python/3.12.13/x64
pytest	UNKNOWN STEP	2026-05-25T00:33:55.4289077Z   PKG_CONFIG_PATH: /opt/hostedtoolcache/Python/3.12.13/x64/lib/pkgconfig
pytest	UNKNOWN STEP	2026-05-25T00:33:55.4289491Z   Python_ROOT_DIR: /opt/hostedtoolcache/Python/3.12.13/x64
pytest	UNKNOWN STEP	2026-05-25T00:33:55.4289857Z   Python2_ROOT_DIR: /opt/hostedtoolcache/Python/3.12.13/x64
pytest	UNKNOWN STEP	2026-05-25T00:33:55.4290212Z   Python3_ROOT_DIR: /opt/hostedtoolcache/Python/3.12.13/x64
pytest	UNKNOWN STEP	2026-05-25T00:33:55.4290577Z   LD_LIBRARY_PATH: /opt/hostedtoolcache/Python/3.12.13/x64/lib
pytest	UNKNOWN STEP	2026-05-25T00:33:55.4290894Z ##[endgroup]
pytest	UNKNOWN STEP	2026-05-25T00:33:56.2396986Z Requirement already satisfied: pip in /opt/hostedtoolcache/Python/3.12.13/x64/lib/python3.12/site-packages (26.1.1)
pytest	UNKNOWN STEP	2026-05-25T00:33:56.4275673Z ##[group]Run set -euo pipefail
pytest	UNKNOWN STEP	2026-05-25T00:33:56.4276020Z [36;1mset -euo pipefail[0m
pytest	UNKNOWN STEP	2026-05-25T00:33:56.4276277Z [36;1mWANT='-r backend/requirements.txt'[0m
pytest	UNKNOWN STEP	2026-05-25T00:33:56.4276673Z [36;1mGOT="$(tr -d '\r' < requirements.txt | sed '/^\s*$/d')"[0m
pytest	UNKNOWN STEP	2026-05-25T00:33:56.4277019Z [36;1mif [ "$GOT" != "$WANT" ]; then[0m
pytest	UNKNOWN STEP	2026-05-25T00:33:56.4277515Z [36;1m  echo "requirements.txt MUST be exactly:"[0m
pytest	UNKNOWN STEP	2026-05-25T00:33:56.4277967Z [36;1m  echo "  $WANT"[0m
pytest	UNKNOWN STEP	2026-05-25T00:33:56.4278223Z [36;1m  echo "Got:"[0m
pytest	UNKNOWN STEP	2026-05-25T00:33:56.4278431Z [36;1m  echo "  $GOT"[0m
pytest	UNKNOWN STEP	2026-05-25T00:33:56.4278624Z [36;1m  exit 1[0m
pytest	UNKNOWN STEP	2026-05-25T00:33:56.4278811Z [36;1mfi[0m
pytest	UNKNOWN STEP	2026-05-25T00:33:56.4314408Z shell: /usr/bin/bash --noprofile --norc -e -o pipefail {0}
pytest	UNKNOWN STEP	2026-05-25T00:33:56.4314955Z env:
pytest	UNKNOWN STEP	2026-05-25T00:33:56.4315213Z   pythonLocation: /opt/hostedtoolcache/Python/3.12.13/x64
pytest	UNKNOWN STEP	2026-05-25T00:33:56.4315631Z   PKG_CONFIG_PATH: /opt/hostedtoolcache/Python/3.12.13/x64/lib/pkgconfig
pytest	UNKNOWN STEP	2026-05-25T00:33:56.4316083Z   Python_ROOT_DIR: /opt/hostedtoolcache/Python/3.12.13/x64
pytest	UNKNOWN STEP	2026-05-25T00:33:56.4316451Z   Python2_ROOT_DIR: /opt/hostedtoolcache/Python/3.12.13/x64
pytest	UNKNOWN STEP	2026-05-25T00:33:56.4316839Z   Python3_ROOT_DIR: /opt/hostedtoolcache/Python/3.12.13/x64
pytest	UNKNOWN STEP	2026-05-25T00:33:56.4317216Z   LD_LIBRARY_PATH: /opt/hostedtoolcache/Python/3.12.13/x64/lib
pytest	UNKNOWN STEP	2026-05-25T00:33:56.4317537Z ##[endgroup]
pytest	UNKNOWN STEP	2026-05-25T00:33:56.4422876Z ##[group]Run pip install -r requirements.txt
pytest	UNKNOWN STEP	2026-05-25T00:33:56.4423238Z [36;1mpip install -r requirements.txt[0m
pytest	UNKNOWN STEP	2026-05-25T00:33:56.4456324Z shell: /usr/bin/bash -e {0}
pytest	UNKNOWN STEP	2026-05-25T00:33:56.4456569Z env:
pytest	UNKNOWN STEP	2026-05-25T00:33:56.4456817Z   pythonLocation: /opt/hostedtoolcache/Python/3.12.13/x64
pytest	UNKNOWN STEP	2026-05-25T00:33:56.4457229Z   PKG_CONFIG_PATH: /opt/hostedtoolcache/Python/3.12.13/x64/lib/pkgconfig
pytest	UNKNOWN STEP	2026-05-25T00:33:56.4457665Z   Python_ROOT_DIR: /opt/hostedtoolcache/Python/3.12.13/x64
pytest	UNKNOWN STEP	2026-05-25T00:33:56.4458027Z   Python2_ROOT_DIR: /opt/hostedtoolcache/Python/3.12.13/x64
pytest	UNKNOWN STEP	2026-05-25T00:33:56.4458402Z   Python3_ROOT_DIR: /opt/hostedtoolcache/Python/3.12.13/x64
pytest	UNKNOWN STEP	2026-05-25T00:33:56.4458800Z   LD_LIBRARY_PATH: /opt/hostedtoolcache/Python/3.12.13/x64/lib
pytest	UNKNOWN STEP	2026-05-25T00:33:56.4459101Z ##[endgroup]
pytest	UNKNOWN STEP	2026-05-25T00:33:57.0674568Z Collecting Django==5.2.14 (from -r requirements.txt (line 3))
pytest	UNKNOWN STEP	2026-05-25T00:33:57.1235373Z   Downloading django-5.2.14-py3-none-any.whl.metadata (4.1 kB)
pytest	UNKNOWN STEP	2026-05-25T00:33:57.1471510Z Collecting djangorestframework==3.15.2 (from -r requirements.txt (line 4))
pytest	UNKNOWN STEP	2026-05-25T00:33:57.1509950Z   Downloading djangorestframework-3.15.2-py3-none-any.whl.metadata (10 kB)
pytest	UNKNOWN STEP	2026-05-25T00:33:57.1740675Z Collecting django-extensions==4.1 (from -r requirements.txt (line 5))
pytest	UNKNOWN STEP	2026-05-25T00:33:57.1778468Z   Downloading django_extensions-4.1-py3-none-any.whl.metadata (6.1 kB)
pytest	UNKNOWN STEP	2026-05-25T00:33:57.2014096Z Collecting python-dotenv==1.2.2 (from -r requirements.txt (line 6))
pytest	UNKNOWN STEP	2026-05-25T00:33:57.2061803Z   Downloading python_dotenv-1.2.2-py3-none-any.whl.metadata (27 kB)
pytest	UNKNOWN STEP	2026-05-25T00:33:57.2449707Z Collecting gunicorn==22.0.0 (from -r requirements.txt (line 7))
pytest	UNKNOWN STEP	2026-05-25T00:33:57.2503057Z   Downloading gunicorn-22.0.0-py3-none-any.whl.metadata (4.4 kB)
pytest	UNKNOWN STEP	2026-05-25T00:33:57.3122579Z Collecting dj-database-url==2.3.0 (from -r requirements.txt (line 8))
pytest	UNKNOWN STEP	2026-05-25T00:33:57.3203249Z   Downloading dj_database_url-2.3.0-py3-none-any.whl.metadata (12 kB)
pytest	UNKNOWN STEP	2026-05-25T00:33:58.3073370Z Collecting psycopg==3.3.2 (from psycopg[binary]==3.3.2->-r requirements.txt (line 11))
pytest	UNKNOWN STEP	2026-05-25T00:33:58.3109772Z   Downloading psycopg-3.3.2-py3-none-any.whl.metadata (4.3 kB)
pytest	UNKNOWN STEP	2026-05-25T00:33:58.3398952Z Collecting pytest==9.0.3 (from -r requirements.txt (line 13))
pytest	UNKNOWN STEP	2026-05-25T00:33:58.3435001Z   Downloading pytest-9.0.3-py3-none-any.whl.metadata (7.6 kB)
pytest	UNKNOWN STEP	2026-05-25T00:33:58.3627646Z Collecting pytest-django==4.7.0 (from -r requirements.txt (line 14))
pytest	UNKNOWN STEP	2026-05-25T00:33:58.3667410Z   Downloading pytest_django-4.7.0-py3-none-any.whl.metadata (8.3 kB)
pytest	UNKNOWN STEP	2026-05-25T00:33:58.3864969Z Collecting djangorestframework-simplejwt>=5.3.1 (from -r requirements.txt (line 16))
pytest	UNKNOWN STEP	2026-05-25T00:33:58.3905023Z   Downloading djangorestframework_simplejwt-5.5.1-py3-none-any.whl.metadata (4.6 kB)
pytest	UNKNOWN STEP	2026-05-25T00:33:58.4111680Z Collecting PyJWT==2.12.0 (from -r requirements.txt (line 17))
pytest	UNKNOWN STEP	2026-05-25T00:33:58.4147197Z   Downloading pyjwt-2.12.0-py3-none-any.whl.metadata (4.0 kB)
pytest	UNKNOWN STEP	2026-05-25T00:33:58.4343727Z Collecting django-cors-headers==4.3.1 (from -r requirements.txt (line 19))
pytest	UNKNOWN STEP	2026-05-25T00:33:58.4381223Z   Downloading django_cors_headers-4.3.1-py3-none-any.whl.metadata (16 kB)
pytest	UNKNOWN STEP	2026-05-25T00:33:58.4595822Z Collecting drf-spectacular>=0.27.2 (from -r requirements.txt (line 20))
pytest	UNKNOWN STEP	2026-05-25T00:33:58.4652100Z   Downloading drf_spectacular-0.29.0-py3-none-any.whl.metadata (14 kB)
pytest	UNKNOWN STEP	2026-05-25T00:33:58.4879615Z Collecting drf-spectacular-sidecar>=2025.3.1 (from -r requirements.txt (line 21))
pytest	UNKNOWN STEP	2026-05-25T00:33:58.4922444Z   Downloading drf_spectacular_sidecar-2026.5.1-py3-none-any.whl.metadata (3.6 kB)
pytest	UNKNOWN STEP	2026-05-25T00:33:58.5101406Z Collecting authlib>=1.6.8 (from -r requirements.txt (line 23))
pytest	UNKNOWN STEP	2026-05-25T00:33:58.5143383Z   Downloading authlib-1.7.2-py2.py3-none-any.whl.metadata (10 kB)
pytest	UNKNOWN STEP	2026-05-25T00:33:58.5378642Z Collecting requests>=2.32.0 (from -r requirements.txt (line 24))
pytest	UNKNOWN STEP	2026-05-25T00:33:58.5416079Z   Downloading requests-2.34.2-py3-none-any.whl.metadata (4.8 kB)
pytest	UNKNOWN STEP	2026-05-25T00:33:58.7184079Z Collecting cryptography>=43.0.0 (from -r requirements.txt (line 25))
pytest	UNKNOWN STEP	2026-05-25T00:33:58.7223351Z   Downloading cryptography-48.0.0-cp311-abi3-manylinux_2_34_x86_64.whl.metadata (4.3 kB)
pytest	UNKNOWN STEP	2026-05-25T00:33:58.7663243Z Collecting sentry-sdk>=2.0.0 (from -r requirements.txt (line 27))
pytest	UNKNOWN STEP	2026-05-25T00:33:58.7700720Z   Downloading sentry_sdk-2.60.0-py3-none-any.whl.metadata (10 kB)
pytest	UNKNOWN STEP	2026-05-25T00:33:58.8180613Z Collecting celery>=5.4.0 (from -r requirements.txt (line 29))
pytest	UNKNOWN STEP	2026-05-25T00:33:58.8218472Z   Downloading celery-5.6.3-py3-none-any.whl.metadata (23 kB)
pytest	UNKNOWN STEP	2026-05-25T00:33:58.8622445Z Collecting redis>=5.0.0 (from -r requirements.txt (line 30))
pytest	UNKNOWN STEP	2026-05-25T00:33:58.8661515Z   Downloading redis-7.4.0-py3-none-any.whl.metadata (12 kB)
pytest	UNKNOWN STEP	2026-05-25T00:33:58.9410962Z Collecting stripe>=10.0.0 (from -r requirements.txt (line 32))
pytest	UNKNOWN STEP	2026-05-25T00:33:58.9450527Z   Downloading stripe-15.1.0-py3-none-any.whl.metadata (18 kB)
pytest	UNKNOWN STEP	2026-05-25T00:33:58.9918966Z Collecting twilio>=9.0.0 (from -r requirements.txt (line 34))
pytest	UNKNOWN STEP	2026-05-25T00:33:58.9956080Z   Downloading twilio-9.10.9-py2.py3-none-any.whl.metadata (13 kB)
pytest	UNKNOWN STEP	2026-05-25T00:33:59.1076494Z Collecting reportlab>=4.2.0 (from -r requirements.txt (line 36))
pytest	UNKNOWN STEP	2026-05-25T00:33:59.1113860Z   Downloading reportlab-4.5.1-py3-none-any.whl.metadata (1.7 kB)
pytest	UNKNOWN STEP	2026-05-25T00:33:59.3475016Z Collecting numpy>=1.26.4 (from -r requirements.txt (line 37))
pytest	UNKNOWN STEP	2026-05-25T00:33:59.3512694Z   Downloading numpy-2.4.6-cp312-cp312-manylinux_2_27_x86_64.manylinux_2_28_x86_64.whl.metadata (6.6 kB)
pytest	UNKNOWN STEP	2026-05-25T00:33:59.3831218Z Collecting asgiref>=3.8.1 (from Django==5.2.14->-r requirements.txt (line 3))
pytest	UNKNOWN STEP	2026-05-25T00:33:59.3870910Z   Downloading asgiref-3.11.1-py3-none-any.whl.metadata (9.3 kB)
pytest	UNKNOWN STEP	2026-05-25T00:33:59.4026110Z Collecting sqlparse>=0.3.1 (from Django==5.2.14->-r requirements.txt (line 3))
pytest	UNKNOWN STEP	2026-05-25T00:33:59.4059904Z   Downloading sqlparse-0.5.5-py3-none-any.whl.metadata (4.7 kB)
pytest	UNKNOWN STEP	2026-05-25T00:33:59.4318106Z Collecting packaging (from gunicorn==22.0.0->-r requirements.txt (line 7))
pytest	UNKNOWN STEP	2026-05-25T00:33:59.4354593Z   Downloading packaging-26.2-py3-none-any.whl.metadata (3.5 kB)
pytest	UNKNOWN STEP	2026-05-25T00:33:59.4558029Z Collecting typing-extensions>=3.10.0.0 (from dj-database-url==2.3.0->-r requirements.txt (line 8))
pytest	UNKNOWN STEP	2026-05-25T00:33:59.4598302Z   Downloading typing_extensions-4.15.0-py3-none-any.whl.metadata (3.3 kB)
pytest	UNKNOWN STEP	2026-05-25T00:33:59.4751207Z Collecting iniconfig>=1.0.1 (from pytest==9.0.3->-r requirements.txt (line 13))
pytest	UNKNOWN STEP	2026-05-25T00:33:59.4788253Z   Downloading iniconfig-2.3.0-py3-none-any.whl.metadata (2.5 kB)
pytest	UNKNOWN STEP	2026-05-25T00:33:59.4932064Z Collecting pluggy<2,>=1.5 (from pytest==9.0.3->-r requirements.txt (line 13))
pytest	UNKNOWN STEP	2026-05-25T00:33:59.4970120Z   Downloading pluggy-1.6.0-py3-none-any.whl.metadata (4.8 kB)
pytest	UNKNOWN STEP	2026-05-25T00:33:59.5162167Z Collecting pygments>=2.7.2 (from pytest==9.0.3->-r requirements.txt (line 13))
pytest	UNKNOWN STEP	2026-05-25T00:33:59.5197010Z   Downloading pygments-2.20.0-py3-none-any.whl.metadata (2.5 kB)
pytest	UNKNOWN STEP	2026-05-25T00:33:59.6762872Z Collecting psycopg-binary==3.3.2 (from psycopg[binary]==3.3.2->-r requirements.txt (line 11))
pytest	UNKNOWN STEP	2026-05-25T00:33:59.6803029Z   Downloading psycopg_binary-3.3.2-cp312-cp312-manylinux2014_x86_64.manylinux_2_17_x86_64.whl.metadata (2.7 kB)
pytest	UNKNOWN STEP	2026-05-25T00:33:59.7018076Z Collecting uritemplate>=2.0.0 (from drf-spectacular>=0.27.2->-r requirements.txt (line 20))
pytest	UNKNOWN STEP	2026-05-25T00:33:59.7055486Z   Downloading uritemplate-4.2.0-py3-none-any.whl.metadata (2.6 kB)
pytest	UNKNOWN STEP	2026-05-25T00:33:59.7415366Z Collecting PyYAML>=5.1 (from drf-spectacular>=0.27.2->-r requirements.txt (line 20))
pytest	UNKNOWN STEP	2026-05-25T00:33:59.7463395Z   Downloading pyyaml-6.0.3-cp312-cp312-manylinux2014_x86_64.manylinux_2_17_x86_64.manylinux_2_28_x86_64.whl.metadata (2.4 kB)
pytest	UNKNOWN STEP	2026-05-25T00:33:59.7947990Z Collecting jsonschema>=2.6.0 (from drf-spectacular>=0.27.2->-r requirements.txt (line 20))
pytest	UNKNOWN STEP	2026-05-25T00:33:59.8003502Z   Downloading jsonschema-4.26.0-py3-none-any.whl.metadata (7.6 kB)
pytest	UNKNOWN STEP	2026-05-25T00:34:00.6347603Z Collecting inflection>=0.3.1 (from drf-spectacular>=0.27.2->-r requirements.txt (line 20))
pytest	UNKNOWN STEP	2026-05-25T00:34:00.6380617Z   Downloading inflection-0.5.1-py2.py3-none-any.whl.metadata (1.7 kB)
pytest	UNKNOWN STEP	2026-05-25T00:34:00.6534778Z Collecting joserfc>=1.6.0 (from authlib>=1.6.8->-r requirements.txt (line 23))
pytest	UNKNOWN STEP	2026-05-25T00:34:00.6568461Z   Downloading joserfc-1.6.7-py3-none-any.whl.metadata (3.2 kB)
pytest	UNKNOWN STEP	2026-05-25T00:34:00.7476152Z Collecting charset_normalizer<4,>=2 (from requests>=2.32.0->-r requirements.txt (line 24))
pytest	UNKNOWN STEP	2026-05-25T00:34:00.7516409Z   Downloading charset_normalizer-3.4.7-cp312-cp312-manylinux2014_x86_64.manylinux_2_17_x86_64.manylinux_2_28_x86_64.whl.metadata (40 kB)
pytest	UNKNOWN STEP	2026-05-25T00:34:00.7738160Z Collecting idna<4,>=2.5 (from requests>=2.32.0->-r requirements.txt (line 24))
pytest	UNKNOWN STEP	2026-05-25T00:34:00.7773936Z   Downloading idna-3.16-py3-none-any.whl.metadata (6.4 kB)
pytest	UNKNOWN STEP	2026-05-25T00:34:00.8000811Z Collecting urllib3<3,>=1.26 (from requests>=2.32.0->-r requirements.txt (line 24))
pytest	UNKNOWN STEP	2026-05-25T00:34:00.8051026Z   Downloading urllib3-2.7.0-py3-none-any.whl.metadata (6.9 kB)
pytest	UNKNOWN STEP	2026-05-25T00:34:00.8237300Z Collecting certifi>=2023.5.7 (from requests>=2.32.0->-r requirements.txt (line 24))
pytest	UNKNOWN STEP	2026-05-25T00:34:00.8271464Z   Downloading certifi-2026.5.20-py3-none-any.whl.metadata (2.5 kB)
pytest	UNKNOWN STEP	2026-05-25T00:34:00.9245481Z Collecting cffi>=2.0.0 (from cryptography>=43.0.0->-r requirements.txt (line 25))
pytest	UNKNOWN STEP	2026-05-25T00:34:00.9282788Z   Downloading cffi-2.0.0-cp312-cp312-manylinux2014_x86_64.manylinux_2_17_x86_64.whl.metadata (2.6 kB)
pytest	UNKNOWN STEP	2026-05-25T00:34:00.9529236Z Collecting billiard<5.0,>=4.2.1 (from celery>=5.4.0->-r requirements.txt (line 29))
pytest	UNKNOWN STEP	2026-05-25T00:34:00.9565594Z   Downloading billiard-4.2.4-py3-none-any.whl.metadata (4.8 kB)
pytest	UNKNOWN STEP	2026-05-25T00:34:00.9814255Z Collecting kombu>=5.6.0 (from celery>=5.4.0->-r requirements.txt (line 29))
pytest	UNKNOWN STEP	2026-05-25T00:34:00.9852977Z   Downloading kombu-5.6.2-py3-none-any.whl.metadata (3.5 kB)
pytest	UNKNOWN STEP	2026-05-25T00:34:01.0010391Z Collecting vine<6.0,>=5.1.0 (from celery>=5.4.0->-r requirements.txt (line 29))
pytest	UNKNOWN STEP	2026-05-25T00:34:01.0045142Z   Downloading vine-5.1.0-py3-none-any.whl.metadata (2.7 kB)
pytest	UNKNOWN STEP	2026-05-25T00:34:01.0223176Z Collecting click<9.0,>=8.1.2 (from celery>=5.4.0->-r requirements.txt (line 29))
pytest	UNKNOWN STEP	2026-05-25T00:34:01.0259524Z   Downloading click-8.4.1-py3-none-any.whl.metadata (2.6 kB)
pytest	UNKNOWN STEP	2026-05-25T00:34:01.0384925Z Collecting click-didyoumean>=0.3.0 (from celery>=5.4.0->-r requirements.txt (line 29))
pytest	UNKNOWN STEP	2026-05-25T00:34:01.0419139Z   Downloading click_didyoumean-0.3.1-py3-none-any.whl.metadata (3.9 kB)
pytest	UNKNOWN STEP	2026-05-25T00:34:01.0579132Z Collecting click-repl>=0.2.0 (from celery>=5.4.0->-r requirements.txt (line 29))
pytest	UNKNOWN STEP	2026-05-25T00:34:01.0614743Z   Downloading click_repl-0.3.0-py3-none-any.whl.metadata (3.6 kB)
pytest	UNKNOWN STEP	2026-05-25T00:34:01.0739811Z Collecting click-plugins>=1.1.1 (from celery>=5.4.0->-r requirements.txt (line 29))
pytest	UNKNOWN STEP	2026-05-25T00:34:01.0774920Z   Downloading click_plugins-1.1.1.2-py2.py3-none-any.whl.metadata (6.5 kB)
pytest	UNKNOWN STEP	2026-05-25T00:34:01.0935363Z Collecting python-dateutil>=2.8.2 (from celery>=5.4.0->-r requirements.txt (line 29))
pytest	UNKNOWN STEP	2026-05-25T00:34:01.0969875Z   Downloading python_dateutil-2.9.0.post0-py2.py3-none-any.whl.metadata (8.4 kB)
pytest	UNKNOWN STEP	2026-05-25T00:34:01.1529220Z Collecting tzlocal (from celery>=5.4.0->-r requirements.txt (line 29))
pytest	UNKNOWN STEP	2026-05-25T00:34:01.1566832Z   Downloading tzlocal-5.3.1-py3-none-any.whl.metadata (7.6 kB)
pytest	UNKNOWN STEP	2026-05-25T00:34:01.6349117Z Collecting aiohttp>=3.8.4 (from twilio>=9.0.0->-r requirements.txt (line 34))
pytest	UNKNOWN STEP	2026-05-25T00:34:01.6387515Z   Downloading aiohttp-3.13.5-cp312-cp312-manylinux2014_x86_64.manylinux_2_17_x86_64.manylinux_2_28_x86_64.whl.metadata (8.1 kB)
pytest	UNKNOWN STEP	2026-05-25T00:34:01.6561411Z Collecting aiohttp-retry>=2.8.3 (from twilio>=9.0.0->-r requirements.txt (line 34))
pytest	UNKNOWN STEP	2026-05-25T00:34:01.6597252Z   Downloading aiohttp_retry-2.9.1-py3-none-any.whl.metadata (8.8 kB)
pytest	UNKNOWN STEP	2026-05-25T00:34:01.8229847Z Collecting pillow>=9.0.0 (from reportlab>=4.2.0->-r requirements.txt (line 36))
pytest	UNKNOWN STEP	2026-05-25T00:34:01.8267773Z   Downloading pillow-12.2.0-cp312-cp312-manylinux_2_27_x86_64.manylinux_2_28_x86_64.whl.metadata (8.8 kB)
pytest	UNKNOWN STEP	2026-05-25T00:34:01.8467802Z Collecting aiohappyeyeballs>=2.5.0 (from aiohttp>=3.8.4->twilio>=9.0.0->-r requirements.txt (line 34))
pytest	UNKNOWN STEP	2026-05-25T00:34:01.8504660Z   Downloading aiohappyeyeballs-2.6.2-py3-none-any.whl.metadata (5.9 kB)
pytest	UNKNOWN STEP	2026-05-25T00:34:01.8629637Z Collecting aiosignal>=1.4.0 (from aiohttp>=3.8.4->twilio>=9.0.0->-r requirements.txt (line 34))
pytest	UNKNOWN STEP	2026-05-25T00:34:01.8665538Z   Downloading aiosignal-1.4.0-py3-none-any.whl.metadata (3.7 kB)
pytest	UNKNOWN STEP	2026-05-25T00:34:01.8838186Z Collecting attrs>=17.3.0 (from aiohttp>=3.8.4->twilio>=9.0.0->-r requirements.txt (line 34))
pytest	UNKNOWN STEP	2026-05-25T00:34:01.8874074Z   Downloading attrs-26.1.0-py3-none-any.whl.metadata (8.8 kB)
pytest	UNKNOWN STEP	2026-05-25T00:34:02.0018215Z Collecting frozenlist>=1.1.1 (from aiohttp>=3.8.4->twilio>=9.0.0->-r requirements.txt (line 34))
pytest	UNKNOWN STEP	2026-05-25T00:34:02.0057052Z   Downloading frozenlist-1.8.0-cp312-cp312-manylinux1_x86_64.manylinux_2_28_x86_64.manylinux_2_5_x86_64.whl.metadata (20 kB)
pytest	UNKNOWN STEP	2026-05-25T00:34:02.2315974Z Collecting multidict<7.0,>=4.5 (from aiohttp>=3.8.4->twilio>=9.0.0->-r requirements.txt (line 34))
pytest	UNKNOWN STEP	2026-05-25T00:34:02.2351753Z   Downloading multidict-6.7.1-cp312-cp312-manylinux2014_x86_64.manylinux_2_17_x86_64.manylinux_2_28_x86_64.whl.metadata (5.3 kB)
pytest	UNKNOWN STEP	2026-05-25T00:34:02.2923757Z Collecting propcache>=0.2.0 (from aiohttp>=3.8.4->twilio>=9.0.0->-r requirements.txt (line 34))
pytest	UNKNOWN STEP	2026-05-25T00:34:02.2963483Z   Downloading propcache-0.5.2-cp312-cp312-manylinux2014_x86_64.manylinux_2_17_x86_64.manylinux_2_28_x86_64.whl.metadata (16 kB)
pytest	UNKNOWN STEP	2026-05-25T00:34:02.5401187Z Collecting yarl<2.0,>=1.17.0 (from aiohttp>=3.8.4->twilio>=9.0.0->-r requirements.txt (line 34))
pytest	UNKNOWN STEP	2026-05-25T00:34:02.5441423Z   Downloading yarl-1.24.2-cp312-cp312-manylinux2014_x86_64.manylinux_2_17_x86_64.manylinux_2_28_x86_64.whl.metadata (94 kB)
pytest	UNKNOWN STEP	2026-05-25T00:34:02.5827057Z Collecting pycparser (from cffi>=2.0.0->cryptography>=43.0.0->-r requirements.txt (line 25))
pytest	UNKNOWN STEP	2026-05-25T00:34:02.5863768Z   Downloading pycparser-3.0-py3-none-any.whl.metadata (8.2 kB)
pytest	UNKNOWN STEP	2026-05-25T00:34:02.6215330Z Collecting prompt-toolkit>=3.0.36 (from click-repl>=0.2.0->celery>=5.4.0->-r requirements.txt (line 29))
pytest	UNKNOWN STEP	2026-05-25T00:34:02.6255378Z   Downloading prompt_toolkit-3.0.52-py3-none-any.whl.metadata (6.4 kB)
pytest	UNKNOWN STEP	2026-05-25T00:34:02.6511198Z Collecting jsonschema-specifications>=2023.03.6 (from jsonschema>=2.6.0->drf-spectacular>=0.27.2->-r requirements.txt (line 20))
pytest	UNKNOWN STEP	2026-05-25T00:34:02.6547567Z   Downloading jsonschema_specifications-2025.9.1-py3-none-any.whl.metadata (2.9 kB)
pytest	UNKNOWN STEP	2026-05-25T00:34:02.6757698Z Collecting referencing>=0.28.4 (from jsonschema>=2.6.0->drf-spectacular>=0.27.2->-r requirements.txt (line 20))
pytest	UNKNOWN STEP	2026-05-25T00:34:02.6794216Z   Downloading referencing-0.37.0-py3-none-any.whl.metadata (2.8 kB)
pytest	UNKNOWN STEP	2026-05-25T00:34:02.9817167Z Collecting rpds-py>=0.25.0 (from jsonschema>=2.6.0->drf-spectacular>=0.27.2->-r requirements.txt (line 20))
pytest	UNKNOWN STEP	2026-05-25T00:34:02.9853327Z   Downloading rpds_py-0.30.0-cp312-cp312-manylinux_2_17_x86_64.manylinux2014_x86_64.whl.metadata (4.1 kB)
pytest	UNKNOWN STEP	2026-05-25T00:34:03.0059017Z Collecting amqp<6.0.0,>=5.1.1 (from kombu>=5.6.0->celery>=5.4.0->-r requirements.txt (line 29))
pytest	UNKNOWN STEP	2026-05-25T00:34:03.0097315Z   Downloading amqp-5.3.1-py3-none-any.whl.metadata (8.9 kB)
pytest	UNKNOWN STEP	2026-05-25T00:34:03.0252863Z Collecting tzdata>=2025.2 (from kombu>=5.6.0->celery>=5.4.0->-r requirements.txt (line 29))
pytest	UNKNOWN STEP	2026-05-25T00:34:03.0290508Z   Downloading tzdata-2026.2-py2.py3-none-any.whl.metadata (1.4 kB)
pytest	UNKNOWN STEP	2026-05-25T00:34:03.0491091Z Collecting wcwidth (from prompt-toolkit>=3.0.36->click-repl>=0.2.0->celery>=5.4.0->-r requirements.txt (line 29))
pytest	UNKNOWN STEP	2026-05-25T00:34:03.0532770Z   Downloading wcwidth-0.7.0-py3-none-any.whl.metadata (36 kB)
pytest	UNKNOWN STEP	2026-05-25T00:34:03.0732165Z Collecting six>=1.5 (from python-dateutil>=2.8.2->celery>=5.4.0->-r requirements.txt (line 29))
pytest	UNKNOWN STEP	2026-05-25T00:34:03.0767002Z   Downloading six-1.17.0-py2.py3-none-any.whl.metadata (1.7 kB)
pytest	UNKNOWN STEP	2026-05-25T00:34:03.0947690Z Downloading django-5.2.14-py3-none-any.whl (8.3 MB)
pytest	UNKNOWN STEP	2026-05-25T00:34:03.1404642Z    ΓöüΓöüΓöüΓöüΓöüΓöüΓöüΓöüΓöüΓöüΓöüΓöüΓöüΓöüΓöüΓöüΓöüΓöüΓöüΓöüΓöüΓöüΓöüΓöüΓöüΓöüΓöüΓöüΓöüΓöüΓöüΓöüΓöüΓöüΓöüΓöüΓöüΓöüΓöüΓöü 8.3/8.3 MB 196.9 MB/s  0:00:00
pytest	UNKNOWN STEP	2026-05-25T00:34:03.1441326Z Downloading djangorestframework-3.15.2-py3-none-any.whl (1.1 MB)
pytest	UNKNOWN STEP	2026-05-25T00:34:03.1520544Z    ΓöüΓöüΓöüΓöüΓöüΓöüΓöüΓöüΓöüΓöüΓöüΓöüΓöüΓöüΓöüΓöüΓöüΓöüΓöüΓöüΓöüΓöüΓöüΓöüΓöüΓöüΓöüΓöüΓöüΓöüΓöüΓöüΓöüΓöüΓöüΓöüΓöüΓöüΓöüΓöü 1.1/1.1 MB 149.7 MB/s  0:00:00
pytest	UNKNOWN STEP	2026-05-25T00:34:03.1555113Z Downloading django_extensions-4.1-py3-none-any.whl (232 kB)
pytest	UNKNOWN STEP	2026-05-25T00:34:03.1618283Z Downloading python_dotenv-1.2.2-py3-none-any.whl (22 kB)
pytest	UNKNOWN STEP	2026-05-25T00:34:03.1677531Z Downloading gunicorn-22.0.0-py3-none-any.whl (84 kB)
pytest	UNKNOWN STEP	2026-05-25T00:34:03.1738568Z Downloading dj_database_url-2.3.0-py3-none-any.whl (7.8 kB)
pytest	UNKNOWN STEP	2026-05-25T00:34:03.1797120Z Downloading psycopg-3.3.2-py3-none-any.whl (212 kB)
pytest	UNKNOWN STEP	2026-05-25T00:34:03.1864341Z Downloading pytest-9.0.3-py3-none-any.whl (375 kB)
pytest	UNKNOWN STEP	2026-05-25T00:34:03.1934488Z Downloading pytest_django-4.7.0-py3-none-any.whl (23 kB)
pytest	UNKNOWN STEP	2026-05-25T00:34:03.1992011Z Downloading pyjwt-2.12.0-py3-none-any.whl (29 kB)
pytest	UNKNOWN STEP	2026-05-25T00:34:03.2050872Z Downloading django_cors_headers-4.3.1-py3-none-any.whl (12 kB)
pytest	UNKNOWN STEP	2026-05-25T00:34:03.2109449Z Downloading psycopg_binary-3.3.2-cp312-cp312-manylinux2014_x86_64.manylinux_2_17_x86_64.whl (5.1 MB)
pytest	UNKNOWN STEP	2026-05-25T00:34:03.2314765Z    ΓöüΓöüΓöüΓöüΓöüΓöüΓöüΓöüΓöüΓöüΓöüΓöüΓöüΓöüΓöüΓöüΓöüΓöüΓöüΓöüΓöüΓöüΓöüΓöüΓöüΓöüΓöüΓöüΓöüΓöüΓöüΓöüΓöüΓöüΓöüΓöüΓöüΓöüΓöüΓöü 5.1/5.1 MB 274.1 MB/s  0:00:00
pytest	UNKNOWN STEP	2026-05-25T00:34:03.2348417Z Downloading pluggy-1.6.0-py3-none-any.whl (20 kB)
pytest	UNKNOWN STEP	2026-05-25T00:34:03.2406757Z Downloading djangorestframework_simplejwt-5.5.1-py3-none-any.whl (107 kB)
pytest	UNKNOWN STEP	2026-05-25T00:34:03.2468914Z Downloading drf_spectacular-0.29.0-py3-none-any.whl (105 kB)
pytest	UNKNOWN STEP	2026-05-25T00:34:03.2559738Z Downloading drf_spectacular_sidecar-2026.5.1-py3-none-any.whl (2.5 MB)
pytest	UNKNOWN STEP	2026-05-25T00:34:03.2691242Z    ΓöüΓöüΓöüΓöüΓöüΓöüΓöüΓöüΓöüΓöüΓöüΓöüΓöüΓöüΓöüΓöüΓöüΓöüΓöüΓöüΓöüΓöüΓöüΓöüΓöüΓöüΓöüΓöüΓöüΓöüΓöüΓöüΓöüΓöüΓöüΓöüΓöüΓöüΓöüΓöü 2.5/2.5 MB 225.7 MB/s  0:00:00
pytest	UNKNOWN STEP	2026-05-25T00:34:03.2726879Z Downloading authlib-1.7.2-py2.py3-none-any.whl (259 kB)
pytest	UNKNOWN STEP	2026-05-25T00:34:03.2802747Z Downloading requests-2.34.2-py3-none-any.whl (73 kB)
pytest	UNKNOWN STEP	2026-05-25T00:34:03.2865775Z Downloading charset_normalizer-3.4.7-cp312-cp312-manylinux2014_x86_64.manylinux_2_17_x86_64.manylinux_2_28_x86_64.whl (216 kB)
pytest	UNKNOWN STEP	2026-05-25T00:34:03.2932345Z Downloading idna-3.16-py3-none-any.whl (74 kB)
pytest	UNKNOWN STEP	2026-05-25T00:34:03.2996505Z Downloading urllib3-2.7.0-py3-none-any.whl (131 kB)
pytest	UNKNOWN STEP	2026-05-25T00:34:03.3068234Z Downloading cryptography-48.0.0-cp311-abi3-manylinux_2_34_x86_64.whl (4.7 MB)
pytest	UNKNOWN STEP	2026-05-25T00:34:03.3281400Z    ΓöüΓöüΓöüΓöüΓöüΓöüΓöüΓöüΓöüΓöüΓöüΓöüΓöüΓöüΓöüΓöüΓöüΓöüΓöüΓöüΓöüΓöüΓöüΓöüΓöüΓöüΓöüΓöüΓöüΓöüΓöüΓöüΓöüΓöüΓöüΓöüΓöüΓöüΓöüΓöü 4.7/4.7 MB 242.3 MB/s  0:00:00
pytest	UNKNOWN STEP	2026-05-25T00:34:03.3319974Z Downloading sentry_sdk-2.60.0-py3-none-any.whl (475 kB)
pytest	UNKNOWN STEP	2026-05-25T00:34:03.3392235Z Downloading celery-5.6.3-py3-none-any.whl (451 kB)
pytest	UNKNOWN STEP	2026-05-25T00:34:03.3462689Z Downloading billiard-4.2.4-py3-none-any.whl (87 kB)
pytest	UNKNOWN STEP	2026-05-25T00:34:03.3523471Z Downloading click-8.4.1-py3-none-any.whl (116 kB)
pytest	UNKNOWN STEP	2026-05-25T00:34:03.3584424Z Downloading vine-5.1.0-py3-none-any.whl (9.6 kB)
pytest	UNKNOWN STEP	2026-05-25T00:34:03.3665107Z Downloading redis-7.4.0-py3-none-any.whl (409 kB)
pytest	UNKNOWN STEP	2026-05-25T00:34:03.3736209Z Downloading stripe-15.1.0-py3-none-any.whl (2.1 MB)
pytest	UNKNOWN STEP	2026-05-25T00:34:03.3853583Z    ΓöüΓöüΓöüΓöüΓöüΓöüΓöüΓöüΓöüΓöüΓöüΓöüΓöüΓöüΓöüΓöüΓöüΓöüΓöüΓöüΓöüΓöüΓöüΓöüΓöüΓöüΓöüΓöüΓöüΓöüΓöüΓöüΓöüΓöüΓöüΓöüΓöüΓöüΓöüΓöü 2.1/2.1 MB 214.1 MB/s  0:00:00
pytest	UNKNOWN STEP	2026-05-25T00:34:03.3889518Z Downloading twilio-9.10.9-py2.py3-none-any.whl (2.5 MB)
pytest	UNKNOWN STEP	2026-05-25T00:34:03.4013499Z    ΓöüΓöüΓöüΓöüΓöüΓöüΓöüΓöüΓöüΓöüΓöüΓöüΓöüΓöüΓöüΓöüΓöüΓöüΓöüΓöüΓöüΓöüΓöüΓöüΓöüΓöüΓöüΓöüΓöüΓöüΓöüΓöüΓöüΓöüΓöüΓöüΓöüΓöüΓöüΓöü 2.5/2.5 MB 231.6 MB/s  0:00:00
pytest	UNKNOWN STEP	2026-05-25T00:34:03.4049929Z Downloading reportlab-4.5.1-py3-none-any.whl (2.0 MB)
pytest	UNKNOWN STEP	2026-05-25T00:34:03.4153326Z    ΓöüΓöüΓöüΓöüΓöüΓöüΓöüΓöüΓöüΓöüΓöüΓöüΓöüΓöüΓöüΓöüΓöüΓöüΓöüΓöüΓöüΓöüΓöüΓöüΓöüΓöüΓöüΓöüΓöüΓöüΓöüΓöüΓöüΓöüΓöüΓöüΓöüΓöüΓöüΓöü 2.0/2.0 MB 220.9 MB/s  0:00:00
pytest	UNKNOWN STEP	2026-05-25T00:34:03.4188940Z Downloading numpy-2.4.6-cp312-cp312-manylinux_2_27_x86_64.manylinux_2_28_x86_64.whl (16.6 MB)
pytest	UNKNOWN STEP	2026-05-25T00:34:03.4817218Z    ΓöüΓöüΓöüΓöüΓöüΓöüΓöüΓöüΓöüΓöüΓöüΓöüΓöüΓöüΓöüΓöüΓöüΓöüΓöüΓöüΓöüΓöüΓöüΓöüΓöüΓöüΓöüΓöüΓöüΓöüΓöüΓöüΓöüΓöüΓöüΓöüΓöüΓöüΓöüΓöü 16.6/16.6 MB 277.4 MB/s  0:00:00
pytest	UNKNOWN STEP	2026-05-25T00:34:03.4849887Z Downloading aiohttp-3.13.5-cp312-cp312-manylinux2014_x86_64.manylinux_2_17_x86_64.manylinux_2_28_x86_64.whl (1.8 MB)
pytest	UNKNOWN STEP	2026-05-25T00:34:03.4944779Z    ΓöüΓöüΓöüΓöüΓöüΓöüΓöüΓöüΓöüΓöüΓöüΓöüΓöüΓöüΓöüΓöüΓöüΓöüΓöüΓöüΓöüΓöüΓöüΓöüΓöüΓöüΓöüΓöüΓöüΓöüΓöüΓöüΓöüΓöüΓöüΓöüΓöüΓöüΓöüΓöü 1.8/1.8 MB 220.7 MB/s  0:00:00
pytest	UNKNOWN STEP	2026-05-25T00:34:03.4981104Z Downloading multidict-6.7.1-cp312-cp312-manylinux2014_x86_64.manylinux_2_17_x86_64.manylinux_2_28_x86_64.whl (256 kB)
pytest	UNKNOWN STEP	2026-05-25T00:34:03.5046226Z Downloading yarl-1.24.2-cp312-cp312-manylinux2014_x86_64.manylinux_2_17_x86_64.manylinux_2_28_x86_64.whl (105 kB)
pytest	UNKNOWN STEP	2026-05-25T00:34:03.5104782Z Downloading aiohappyeyeballs-2.6.2-py3-none-any.whl (15 kB)
pytest	UNKNOWN STEP	2026-05-25T00:34:03.5162258Z Downloading aiohttp_retry-2.9.1-py3-none-any.whl (10.0 kB)
pytest	UNKNOWN STEP	2026-05-25T00:34:03.5219413Z Downloading aiosignal-1.4.0-py3-none-any.whl (7.5 kB)
pytest	UNKNOWN STEP	2026-05-25T00:34:03.5279334Z Downloading asgiref-3.11.1-py3-none-any.whl (24 kB)
pytest	UNKNOWN STEP	2026-05-25T00:34:03.5343179Z Downloading attrs-26.1.0-py3-none-any.whl (67 kB)
pytest	UNKNOWN STEP	2026-05-25T00:34:03.5402800Z Downloading certifi-2026.5.20-py3-none-any.whl (134 kB)
pytest	UNKNOWN STEP	2026-05-25T00:34:03.5468117Z Downloading cffi-2.0.0-cp312-cp312-manylinux2014_x86_64.manylinux_2_17_x86_64.whl (219 kB)
pytest	UNKNOWN STEP	2026-05-25T00:34:03.5533801Z Downloading click_didyoumean-0.3.1-py3-none-any.whl (3.6 kB)
pytest	UNKNOWN STEP	2026-05-25T00:34:03.5598712Z Downloading click_plugins-1.1.1.2-py2.py3-none-any.whl (11 kB)
pytest	UNKNOWN STEP	2026-05-25T00:34:03.5661820Z Downloading click_repl-0.3.0-py3-none-any.whl (10 kB)
pytest	UNKNOWN STEP	2026-05-25T00:34:03.5721233Z Downloading frozenlist-1.8.0-cp312-cp312-manylinux1_x86_64.manylinux_2_28_x86_64.manylinux_2_5_x86_64.whl (242 kB)
pytest	UNKNOWN STEP	2026-05-25T00:34:03.5784443Z Downloading inflection-0.5.1-py2.py3-none-any.whl (9.5 kB)
pytest	UNKNOWN STEP	2026-05-25T00:34:03.5843638Z Downloading iniconfig-2.3.0-py3-none-any.whl (7.5 kB)
pytest	UNKNOWN STEP	2026-05-25T00:34:03.5899215Z Downloading joserfc-1.6.7-py3-none-any.whl (70 kB)
pytest	UNKNOWN STEP	2026-05-25T00:34:03.5961344Z Downloading jsonschema-4.26.0-py3-none-any.whl (90 kB)
pytest	UNKNOWN STEP	2026-05-25T00:34:03.6023831Z Downloading jsonschema_specifications-2025.9.1-py3-none-any.whl (18 kB)
pytest	UNKNOWN STEP	2026-05-25T00:34:03.6082625Z Downloading kombu-5.6.2-py3-none-any.whl (214 kB)
pytest	UNKNOWN STEP	2026-05-25T00:34:03.6144177Z Downloading amqp-5.3.1-py3-none-any.whl (50 kB)
pytest	UNKNOWN STEP	2026-05-25T00:34:03.6201070Z Downloading packaging-26.2-py3-none-any.whl (100 kB)
pytest	UNKNOWN STEP	2026-05-25T00:34:03.6264583Z Downloading pillow-12.2.0-cp312-cp312-manylinux_2_27_x86_64.manylinux_2_28_x86_64.whl (7.1 MB)
pytest	UNKNOWN STEP	2026-05-25T00:34:03.6543710Z    ΓöüΓöüΓöüΓöüΓöüΓöüΓöüΓöüΓöüΓöüΓöüΓöüΓöüΓöüΓöüΓöüΓöüΓöüΓöüΓöüΓöüΓöüΓöüΓöüΓöüΓöüΓöüΓöüΓöüΓöüΓöüΓöüΓöüΓöüΓöüΓöüΓöüΓöüΓöüΓöü 7.1/7.1 MB 275.2 MB/s  0:00:00
pytest	UNKNOWN STEP	2026-05-25T00:34:03.6581775Z Downloading prompt_toolkit-3.0.52-py3-none-any.whl (391 kB)
pytest	UNKNOWN STEP	2026-05-25T00:34:03.6649521Z Downloading propcache-0.5.2-cp312-cp312-manylinux2014_x86_64.manylinux_2_17_x86_64.manylinux_2_28_x86_64.whl (61 kB)
pytest	UNKNOWN STEP	2026-05-25T00:34:03.6710427Z Downloading pygments-2.20.0-py3-none-any.whl (1.2 MB)
pytest	UNKNOWN STEP	2026-05-25T00:34:03.6797548Z    ΓöüΓöüΓöüΓöüΓöüΓöüΓöüΓöüΓöüΓöüΓöüΓöüΓöüΓöüΓöüΓöüΓöüΓöüΓöüΓöüΓöüΓöüΓöüΓöüΓöüΓöüΓöüΓöüΓöüΓöüΓöüΓöüΓöüΓöüΓöüΓöüΓöüΓöüΓöüΓöü 1.2/1.2 MB 168.3 MB/s  0:00:00
pytest	UNKNOWN STEP	2026-05-25T00:34:03.6832692Z Downloading python_dateutil-2.9.0.post0-py2.py3-none-any.whl (229 kB)
pytest	UNKNOWN STEP	2026-05-25T00:34:03.6923595Z Downloading pyyaml-6.0.3-cp312-cp312-manylinux2014_x86_64.manylinux_2_17_x86_64.manylinux_2_28_x86_64.whl (807 kB)
pytest	UNKNOWN STEP	2026-05-25T00:34:03.6988506Z    ΓöüΓöüΓöüΓöüΓöüΓöüΓöüΓöüΓöüΓöüΓöüΓöüΓöüΓöüΓöüΓöüΓöüΓöüΓöüΓöüΓöüΓöüΓöüΓöüΓöüΓöüΓöüΓöüΓöüΓöüΓöüΓöüΓöüΓöüΓöüΓöüΓöüΓöüΓöüΓöü 807.9/807.9 kB 131.9 MB/s  0:00:00
pytest	UNKNOWN STEP	2026-05-25T00:34:03.7021390Z Downloading referencing-0.37.0-py3-none-any.whl (26 kB)
pytest	UNKNOWN STEP	2026-05-25T00:34:03.7086430Z Downloading rpds_py-0.30.0-cp312-cp312-manylinux_2_17_x86_64.manylinux2014_x86_64.whl (394 kB)
pytest	UNKNOWN STEP	2026-05-25T00:34:03.7149118Z Downloading six-1.17.0-py2.py3-none-any.whl (11 kB)
pytest	UNKNOWN STEP	2026-05-25T00:34:03.7207659Z Downloading sqlparse-0.5.5-py3-none-any.whl (46 kB)
pytest	UNKNOWN STEP	2026-05-25T00:34:03.7265094Z Downloading typing_extensions-4.15.0-py3-none-any.whl (44 kB)
pytest	UNKNOWN STEP	2026-05-25T00:34:03.7322860Z Downloading tzdata-2026.2-py2.py3-none-any.whl (349 kB)
pytest	UNKNOWN STEP	2026-05-25T00:34:03.7388937Z Downloading uritemplate-4.2.0-py3-none-any.whl (11 kB)
pytest	UNKNOWN STEP	2026-05-25T00:34:03.7444769Z Downloading pycparser-3.0-py3-none-any.whl (48 kB)
pytest	UNKNOWN STEP	2026-05-25T00:34:03.7503360Z Downloading tzlocal-5.3.1-py3-none-any.whl (18 kB)
pytest	UNKNOWN STEP	2026-05-25T00:34:03.7560348Z Downloading wcwidth-0.7.0-py3-none-any.whl (110 kB)
pytest	UNKNOWN STEP	2026-05-25T00:34:04.0569728Z Installing collected packages: wcwidth, vine, urllib3, uritemplate, tzlocal, tzdata, typing-extensions, sqlparse, six, rpds-py, redis, PyYAML, python-dotenv, PyJWT, pygments, pycparser, psycopg-binary, propcache, pluggy, pillow, packaging, numpy, multidict, iniconfig, inflection, idna, frozenlist, click, charset_normalizer, certifi, billiard, attrs, asgiref, aiohappyeyeballs, yarl, sentry-sdk, requests, reportlab, referencing, python-dateutil, pytest, psycopg, prompt-toolkit, gunicorn, Django, click-plugins, click-didyoumean, cffi, amqp, aiosignal, stripe, pytest-django, kombu, jsonschema-specifications, drf-spectacular-sidecar, djangorestframework, django-extensions, django-cors-headers, dj-database-url, cryptography, click-repl, aiohttp, jsonschema, joserfc, djangorestframework-simplejwt, celery, aiohttp-retry, twilio, drf-spectacular, authlib
pytest	UNKNOWN STEP	2026-05-25T00:34:18.6046916Z 
pytest	UNKNOWN STEP	2026-05-25T00:34:18.6108571Z Successfully installed Django-5.2.14 PyJWT-2.12.0 PyYAML-6.0.3 aiohappyeyeballs-2.6.2 aiohttp-3.13.5 aiohttp-retry-2.9.1 aiosignal-1.4.0 amqp-5.3.1 asgiref-3.11.1 attrs-26.1.0 authlib-1.7.2 billiard-4.2.4 celery-5.6.3 certifi-2026.5.20 cffi-2.0.0 charset_normalizer-3.4.7 click-8.4.1 click-didyoumean-0.3.1 click-plugins-1.1.1.2 click-repl-0.3.0 cryptography-48.0.0 dj-database-url-2.3.0 django-cors-headers-4.3.1 django-extensions-4.1 djangorestframework-3.15.2 djangorestframework-simplejwt-5.5.1 drf-spectacular-0.29.0 drf-spectacular-sidecar-2026.5.1 frozenlist-1.8.0 gunicorn-22.0.0 idna-3.16 inflection-0.5.1 iniconfig-2.3.0 joserfc-1.6.7 jsonschema-4.26.0 jsonschema-specifications-2025.9.1 kombu-5.6.2 multidict-6.7.1 numpy-2.4.6 packaging-26.2 pillow-12.2.0 pluggy-1.6.0 prompt-toolkit-3.0.52 propcache-0.5.2 psycopg-3.3.2 psycopg-binary-3.3.2 pycparser-3.0 pygments-2.20.0 pytest-9.0.3 pytest-django-4.7.0 python-dateutil-2.9.0.post0 python-dotenv-1.2.2 redis-7.4.0 referencing-0.37.0 reportlab-4.5.1 requests-2.34.2 rpds-py-0.30.0 sentry-sdk-2.60.0 six-1.17.0 sqlparse-0.5.5 stripe-15.1.0 twilio-9.10.9 typing-extensions-4.15.0 tzdata-2026.2 tzlocal-5.3.1 uritemplate-4.2.0 urllib3-2.7.0 vine-5.1.0 wcwidth-0.7.0 yarl-1.24.2
pytest	UNKNOWN STEP	2026-05-25T00:34:18.8202680Z ##[group]Run python -m pytest -q
pytest	UNKNOWN STEP	2026-05-25T00:34:18.8203031Z [36;1mpython -m pytest -q[0m
pytest	UNKNOWN STEP	2026-05-25T00:34:18.8236773Z shell: /usr/bin/bash -e {0}
pytest	UNKNOWN STEP	2026-05-25T00:34:18.8236999Z env:
pytest	UNKNOWN STEP	2026-05-25T00:34:18.8237257Z   pythonLocation: /opt/hostedtoolcache/Python/3.12.13/x64
pytest	UNKNOWN STEP	2026-05-25T00:34:18.8237692Z   PKG_CONFIG_PATH: /opt/hostedtoolcache/Python/3.12.13/x64/lib/pkgconfig
pytest	UNKNOWN STEP	2026-05-25T00:34:18.8238113Z   Python_ROOT_DIR: /opt/hostedtoolcache/Python/3.12.13/x64
pytest	UNKNOWN STEP	2026-05-25T00:34:18.8238480Z   Python2_ROOT_DIR: /opt/hostedtoolcache/Python/3.12.13/x64
pytest	UNKNOWN STEP	2026-05-25T00:34:18.8238852Z   Python3_ROOT_DIR: /opt/hostedtoolcache/Python/3.12.13/x64
pytest	UNKNOWN STEP	2026-05-25T00:34:18.8239238Z   LD_LIBRARY_PATH: /opt/hostedtoolcache/Python/3.12.13/x64/lib
pytest	UNKNOWN STEP	2026-05-25T00:34:18.8239562Z   DJANGO_SETTINGS_MODULE: crown_api.settings
pytest	UNKNOWN STEP	2026-05-25T00:34:18.8239837Z   DJANGO_SECRET_KEY: ci-test-secret-key
pytest	UNKNOWN STEP	2026-05-25T00:34:18.8240282Z   BUILD_SHA: 1df88739d118943ad1617865cb06ba5c8422d341
pytest	UNKNOWN STEP	2026-05-25T00:34:18.8240633Z   PYTHONPATH: /home/runner/work/Crown2026/Crown2026
pytest	UNKNOWN STEP	2026-05-25T00:34:18.8240905Z ##[endgroup]
pytest	UNKNOWN STEP	2026-05-25T00:35:22.2775375Z 
pytest	UNKNOWN STEP	2026-05-25T00:35:22.2789505Z === PYTEST DJANGO DIAGNOSTICS (EARLY) ===
pytest	UNKNOWN STEP	2026-05-25T00:35:22.2790496Z DJANGO_SETTINGS_MODULE env: crown_api.settings
pytest	UNKNOWN STEP	2026-05-25T00:35:22.2791269Z settings module: crown_api.settings
pytest	UNKNOWN STEP	2026-05-25T00:35:22.2792246Z INSTALLED_APPS has core?: True
pytest	UNKNOWN STEP	2026-05-25T00:35:22.2792931Z MIGRATION_MODULES: {}
pytest	UNKNOWN STEP	2026-05-25T00:35:22.2793515Z MIGRATION_MODULES['core']: None
pytest	UNKNOWN STEP	2026-05-25T00:35:22.2794159Z MIGRATION_MODULES['finance']: None
pytest	UNKNOWN STEP	2026-05-25T00:35:22.2794996Z core.__file__: /home/runner/work/Crown2026/Crown2026/backend/core/__init__.py
pytest	UNKNOWN STEP	2026-05-25T00:35:22.2796079Z core.migrations.__file__: /home/runner/work/Crown2026/Crown2026/backend/core/migrations/__init__.py
pytest	UNKNOWN STEP	2026-05-25T00:35:22.2797118Z === END DIAGNOSTICS ===
pytest	UNKNOWN STEP	2026-05-25T00:35:22.2797570Z 
pytest	UNKNOWN STEP	2026-05-25T00:35:42.7698209Z .......................................ssss............................. [  2%]
pytest	UNKNOWN STEP	2026-05-25T00:35:46.4740580Z ........................................................................ [  4%]
pytest	UNKNOWN STEP	2026-05-25T00:35:48.6323475Z ........................................................................ [  7%]
pytest	UNKNOWN STEP	2026-05-25T00:35:57.3553145Z ........................................................................ [  9%]
pytest	UNKNOWN STEP	2026-05-25T00:36:16.6313251Z ........................................................................ [ 11%]
pytest	UNKNOWN STEP	2026-05-25T00:36:38.3011607Z ........................................................................ [ 14%]
pytest	UNKNOWN STEP	2026-05-25T00:36:59.6757786Z .....F..ss............................................ss................ [ 16%]
pytest	UNKNOWN STEP	2026-05-25T00:37:27.7319785Z ........................................................................ [ 18%]
pytest	UNKNOWN STEP	2026-05-25T00:37:47.0018506Z ........................................................................ [ 21%]
pytest	UNKNOWN STEP	2026-05-25T00:38:15.5148366Z ........................................................................ [ 23%]
pytest	UNKNOWN STEP	2026-05-25T00:38:32.0243421Z ........................................................................ [ 25%]
pytest	UNKNOWN STEP	2026-05-25T00:38:49.1052827Z ............................................s........................... [ 28%]
pytest	UNKNOWN STEP	2026-05-25T00:38:49.4044670Z ........................................................................ [ 30%]
pytest	UNKNOWN STEP	2026-05-25T00:39:11.8943281Z ..........FF............................................................ [ 32%]
pytest	UNKNOWN STEP	2026-05-25T00:39:33.4982883Z ........................................................................ [ 35%]
pytest	UNKNOWN STEP	2026-05-25T00:40:03.2225881Z ........................................................................ [ 37%]
pytest	UNKNOWN STEP	2026-05-25T00:40:19.3304676Z ........................................................................ [ 39%]
pytest	UNKNOWN STEP	2026-05-25T00:40:40.3491126Z ........................................................................ [ 42%]
pytest	UNKNOWN STEP	2026-05-25T00:40:57.4015331Z ........................................................................ [ 44%]
pytest	UNKNOWN STEP	2026-05-25T00:41:15.0273012Z ........................................................................ [ 46%]
pytest	UNKNOWN STEP	2026-05-25T00:41:20.6700828Z ........................................................................ [ 49%]
pytest	UNKNOWN STEP	2026-05-25T00:41:40.4977474Z ........................................................................ [ 51%]
pytest	UNKNOWN STEP	2026-05-25T00:42:01.0766427Z ........................................................................ [ 54%]
pytest	UNKNOWN STEP	2026-05-25T00:42:22.8471373Z ........................................................................ [ 56%]
pytest	UNKNOWN STEP	2026-05-25T00:42:44.7755390Z ........................................................................ [ 58%]
pytest	UNKNOWN STEP	2026-05-25T00:43:06.4036784Z ........................................................................ [ 61%]
pytest	UNKNOWN STEP	2026-05-25T00:43:21.4513896Z ........................................................................ [ 63%]
pytest	UNKNOWN STEP	2026-05-25T00:43:52.7127661Z ........................................................................ [ 65%]
pytest	UNKNOWN STEP	2026-05-25T00:44:25.4079357Z ........................................................................ [ 68%]
pytest	UNKNOWN STEP	2026-05-25T00:44:55.7214798Z ...................................................................F.... [ 70%]
pytest	UNKNOWN STEP	2026-05-25T00:45:25.1289261Z ........................................................................ [ 72%]
pytest	UNKNOWN STEP	2026-05-25T00:46:04.9658085Z ..................................................................FF.F.. [ 75%]
pytest	UNKNOWN STEP	2026-05-25T00:46:45.4956339Z ........................................................................ [ 77%]
pytest	UNKNOWN STEP	2026-05-25T00:47:15.8102156Z ........................................................................ [ 79%]
pytest	UNKNOWN STEP	2026-05-25T00:47:49.2833398Z ........................................................................ [ 82%]
pytest	UNKNOWN STEP	2026-05-25T00:48:14.3730591Z .....................................................F.................. [ 84%]
pytest	UNKNOWN STEP	2026-05-25T00:48:35.2241659Z ........................................................ [ 86%]
pytest	UNKNOWN STEP	2026-05-25T00:48:49.2733527Z ........................................................................ [ 88%]
pytest	UNKNOWN STEP	2026-05-25T00:48:49.3802758Z ........................................................................ [ 91%]
pytest	UNKNOWN STEP	2026-05-25T00:48:49.4717243Z ........................................................................ [ 93%]
pytest	UNKNOWN STEP	2026-05-25T00:48:51.2007104Z ........................................................................ [ 95%]
pytest	UNKNOWN STEP	2026-05-25T00:49:14.6939472Z ........................................................................ [ 98%]
pytest	UNKNOWN STEP	2026-05-25T00:49:31.3504215Z ..........................................................               [100%]
pytest	UNKNOWN STEP	2026-05-25T00:49:31.3505244Z =================================== FAILURES ===================================
pytest	UNKNOWN STEP	2026-05-25T00:49:31.3509966Z ____________________ test_billing_run_summary_gross_aid_net ____________________
pytest	UNKNOWN STEP	2026-05-25T00:49:31.3510424Z 
pytest	UNKNOWN STEP	2026-05-25T00:49:31.3510607Z     def test_billing_run_summary_gross_aid_net():
pytest	UNKNOWN STEP	2026-05-25T00:49:31.3511133Z         school = School.objects.create(name="Test School")
pytest	UNKNOWN STEP	2026-05-25T00:49:31.3511780Z         hh = Household.objects.create(school_id=school.id, name="Household")
pytest	UNKNOWN STEP	2026-05-25T00:49:31.3512678Z     
pytest	UNKNOWN STEP	2026-05-25T00:49:31.3513528Z         run = BillingRun.objects.create(school_id=school.id, term="2026-FALL", run_type="TUITION", description="Run", amount_per_student=Decimal("0.00"))
pytest	UNKNOWN STEP	2026-05-25T00:49:31.3514896Z         inv = Invoice.objects.create(school_id=school.id, billing_run=run, household=hh, total_amount=Decimal("1000.00"))
pytest	UNKNOWN STEP	2026-05-25T00:49:31.3515662Z     
pytest	UNKNOWN STEP	2026-05-25T00:49:31.3516104Z         acct = LedgerAccount.objects.create(school_id=school.id, household=hh)
pytest	UNKNOWN STEP	2026-05-25T00:49:31.3517139Z         ch = Charge.objects.create(school_id=school.id, account=acct, description="Tuition", amount=Decimal("1000.00"))
pytest	UNKNOWN STEP	2026-05-25T00:49:31.3517995Z         inv.ledger_charge_id = ch.id
pytest	UNKNOWN STEP	2026-05-25T00:49:31.3518458Z         inv.save(update_fields=["ledger_charge_id"])
pytest	UNKNOWN STEP	2026-05-25T00:49:31.3518874Z     
pytest	UNKNOWN STEP	2026-05-25T00:49:31.3519655Z         aid = Payment.objects.create(school_id=school.id, account=acct, amount=Decimal("400.00"), source="FINANCIAL_AID", reference="award:x")
pytest	UNKNOWN STEP	2026-05-25T00:49:31.3521336Z         PaymentAllocation.objects.create(school_id=school.id, payment=aid, charge=ch, amount=Decimal("400.00"))
pytest	UNKNOWN STEP	2026-05-25T00:49:31.3522422Z     
pytest	UNKNOWN STEP	2026-05-25T00:49:31.3522703Z         user = _mk_user_with_school(school)
pytest	UNKNOWN STEP	2026-05-25T00:49:31.3523085Z         c = Client()
pytest	UNKNOWN STEP	2026-05-25T00:49:31.3523384Z         c.force_login(user)
pytest	UNKNOWN STEP	2026-05-25T00:49:31.3523690Z     
pytest	UNKNOWN STEP	2026-05-25T00:49:31.3524049Z         resp = c.get(f"/api/v1/billing/runs/{run.id}/summary/")
pytest	UNKNOWN STEP	2026-05-25T00:49:31.3524559Z >       assert resp.status_code == 200
pytest	UNKNOWN STEP	2026-05-25T00:49:31.3524936Z E       assert 403 == 200
pytest	UNKNOWN STEP	2026-05-25T00:49:31.3525428Z E        +  where 403 = <Response status_code=403, "application/json">.status_code
pytest	UNKNOWN STEP	2026-05-25T00:49:31.3525884Z 
pytest	UNKNOWN STEP	2026-05-25T00:49:31.3526126Z billing/tests/test_billing_summary_api.py:45: AssertionError
pytest	UNKNOWN STEP	2026-05-25T00:49:31.3526780Z ----------------------------- Captured stderr call -----------------------------
pytest	UNKNOWN STEP	2026-05-25T00:49:31.3527859Z [24/May/2026 20:36:40,196] WARNING django.request: Forbidden: /api/v1/billing/runs/3ac0b566-7509-4300-a0cf-ae3facf25a9a/summary/
pytest	UNKNOWN STEP	2026-05-25T00:49:31.3529164Z __ BillingInstallmentPlansRbacTests.test_non_staff_can_post_installment_plan ___
pytest	UNKNOWN STEP	2026-05-25T00:49:31.3529706Z 
pytest	UNKNOWN STEP	2026-05-25T00:49:31.3530389Z self = <crown_api.tests.test_rbac_matrix_writes.BillingInstallmentPlansRbacTests testMethod=test_non_staff_can_post_installment_plan>
pytest	UNKNOWN STEP	2026-05-25T00:49:31.3531229Z 
pytest	UNKNOWN STEP	2026-05-25T00:49:31.3531427Z     def test_non_staff_can_post_installment_plan(self):
pytest	UNKNOWN STEP	2026-05-25T00:49:31.3532049Z         """
pytest	UNKNOWN STEP	2026-05-25T00:49:31.3532527Z         Non-staff authenticated user: endpoint is IsAuthenticated only,
pytest	UNKNOWN STEP	2026-05-25T00:49:31.3533403Z         so non-staff is allowed. Expect 201 (success) or 4xx (bad payload).
pytest	UNKNOWN STEP	2026-05-25T00:49:31.3534033Z         Must NOT return 401 or 403.
pytest	UNKNOWN STEP	2026-05-25T00:49:31.3534407Z         """
pytest	UNKNOWN STEP	2026-05-25T00:49:31.3534774Z         self.client.force_authenticate(user=self.non_staff)
pytest	UNKNOWN STEP	2026-05-25T00:49:31.3535268Z         resp = self.client.post(
pytest	UNKNOWN STEP	2026-05-25T00:49:31.3535655Z             INSTALLMENT_PLANS_URL,
pytest	UNKNOWN STEP	2026-05-25T00:49:31.3536043Z             data=self._VALID_PAYLOAD,
pytest	UNKNOWN STEP	2026-05-25T00:49:31.3536440Z             format="json",
pytest	UNKNOWN STEP	2026-05-25T00:49:31.3536810Z             HTTP_X_SCHOOL_ID=str(self.school.id),
pytest	UNKNOWN STEP	2026-05-25T00:49:31.3537221Z         )
pytest	UNKNOWN STEP	2026-05-25T00:49:31.3537485Z >       self.assertNotIn(
pytest	UNKNOWN STEP	2026-05-25T00:49:31.3537846Z             resp.status_code, (401, 403, 500),
pytest	UNKNOWN STEP	2026-05-25T00:49:31.3538506Z             msg=f"Non-staff installment plan POST unexpectedly blocked: {resp.status_code}.",
pytest	UNKNOWN STEP	2026-05-25T00:49:31.3539129Z         )
pytest	UNKNOWN STEP	2026-05-25T00:49:31.3539831Z E       AssertionError: 403 unexpectedly found in (401, 403, 500) : Non-staff installment plan POST unexpectedly blocked: 403.
pytest	UNKNOWN STEP	2026-05-25T00:49:31.3540554Z 
pytest	UNKNOWN STEP	2026-05-25T00:49:31.3540806Z crown_api/tests/test_rbac_matrix_writes.py:181: AssertionError
pytest	UNKNOWN STEP	2026-05-25T00:49:31.3541461Z ----------------------------- Captured stderr call -----------------------------
pytest	UNKNOWN STEP	2026-05-25T00:49:31.3542494Z [24/May/2026 20:38:51,748] WARNING django.request: Forbidden: /api/v1/billing/installment-plans/
pytest	UNKNOWN STEP	2026-05-25T00:49:31.3543433Z ____ BillingInstallmentPlansRbacTests.test_staff_can_post_installment_plan _____
pytest	UNKNOWN STEP	2026-05-25T00:49:31.3543979Z 
pytest	UNKNOWN STEP	2026-05-25T00:49:31.3544653Z self = <crown_api.tests.test_rbac_matrix_writes.BillingInstallmentPlansRbacTests testMethod=test_staff_can_post_installment_plan>
pytest	UNKNOWN STEP	2026-05-25T00:49:31.3545470Z 
pytest	UNKNOWN STEP	2026-05-25T00:49:31.3545656Z     def test_staff_can_post_installment_plan(self):
pytest	UNKNOWN STEP	2026-05-25T00:49:31.3546517Z         """Staff: same as non-staff ΓÇö endpoint is not staff-gated."""
pytest	UNKNOWN STEP	2026-05-25T00:49:31.3547096Z         self.client.force_authenticate(user=self.staff)
pytest	UNKNOWN STEP	2026-05-25T00:49:31.3547561Z         resp = self.client.post(
pytest	UNKNOWN STEP	2026-05-25T00:49:31.3547935Z             INSTALLMENT_PLANS_URL,
pytest	UNKNOWN STEP	2026-05-25T00:49:31.3548322Z             data=self._VALID_PAYLOAD,
pytest	UNKNOWN STEP	2026-05-25T00:49:31.3548741Z             format="json",
pytest	UNKNOWN STEP	2026-05-25T00:49:31.3549148Z             HTTP_X_SCHOOL_ID=str(self.school.id),
pytest	UNKNOWN STEP	2026-05-25T00:49:31.3549607Z         )
pytest	UNKNOWN STEP	2026-05-25T00:49:31.3549897Z >       self.assertNotIn(
pytest	UNKNOWN STEP	2026-05-25T00:49:31.3550472Z             resp.status_code, (401, 403, 500),
pytest	UNKNOWN STEP	2026-05-25T00:49:31.3551118Z             msg=f"Staff installment plan POST failed unexpectedly: {resp.status_code}.",
pytest	UNKNOWN STEP	2026-05-25T00:49:31.3551723Z         )
pytest	UNKNOWN STEP	2026-05-25T00:49:31.3552620Z E       AssertionError: 403 unexpectedly found in (401, 403, 500) : Staff installment plan POST failed unexpectedly: 403.
pytest	UNKNOWN STEP	2026-05-25T00:49:31.3553317Z 
pytest	UNKNOWN STEP	2026-05-25T00:49:31.3553572Z crown_api/tests/test_rbac_matrix_writes.py:195: AssertionError
pytest	UNKNOWN STEP	2026-05-25T00:49:31.3554235Z ----------------------------- Captured stderr call -----------------------------
pytest	UNKNOWN STEP	2026-05-25T00:49:31.3555076Z [24/May/2026 20:38:52,332] WARNING django.request: Forbidden: /api/v1/billing/installment-plans/
pytest	UNKNOWN STEP	2026-05-25T00:49:31.3555964Z ______ test_billing_run_creation_generates_invoice_for_enrolled_students _______
pytest	UNKNOWN STEP	2026-05-25T00:49:31.3556457Z 
pytest	UNKNOWN STEP	2026-05-25T00:49:31.3556764Z     def test_billing_run_creation_generates_invoice_for_enrolled_students():
pytest	UNKNOWN STEP	2026-05-25T00:49:31.3557600Z         school = School.objects.create(name="Billing School")
pytest	UNKNOWN STEP	2026-05-25T00:49:31.3558336Z         household = Household.objects.create(school_id=school.id, name="Billing Household")
pytest	UNKNOWN STEP	2026-05-25T00:49:31.3559580Z         student_one = Student.objects.create(school_id=school.id, household=household, first_name="A", last_name="One", grade_level="5", is_active=True)
pytest	UNKNOWN STEP	2026-05-25T00:49:31.3561102Z         student_two = Student.objects.create(school_id=school.id, household=household, first_name="B", last_name="Two", grade_level="5", is_active=True)
pytest	UNKNOWN STEP	2026-05-25T00:49:31.3562490Z         course = Course.objects.create(school_id=school.id, code="MATH5", name="Math 5")
pytest	UNKNOWN STEP	2026-05-25T00:49:31.3563570Z         section = Section.objects.create(school_id=school.id, course=course, term="2026-FALL", teacher_name="Teacher", grade_band="5")
pytest	UNKNOWN STEP	2026-05-25T00:49:31.3564718Z         Enrollment.objects.create(school_id=school.id, section=section, student=student_one)
pytest	UNKNOWN STEP	2026-05-25T00:49:31.3565687Z         Enrollment.objects.create(school_id=school.id, section=section, student=student_two)
pytest	UNKNOWN STEP	2026-05-25T00:49:31.3566367Z     
pytest	UNKNOWN STEP	2026-05-25T00:49:31.3566785Z         user = _staff_user(school, username=f"billing-{uuid.uuid4()}")
pytest	UNKNOWN STEP	2026-05-25T00:49:31.3567344Z         client = APIClient()
pytest	UNKNOWN STEP	2026-05-25T00:49:31.3567757Z         client.force_authenticate(user=user)
pytest	UNKNOWN STEP	2026-05-25T00:49:31.3568199Z         response = client.post(
pytest	UNKNOWN STEP	2026-05-25T00:49:31.3568601Z             "/api/v1/billing/runs/",
pytest	UNKNOWN STEP	2026-05-25T00:49:31.3569095Z             {"term": "2026-FALL", "amount_per_student": "1000.00"},
pytest	UNKNOWN STEP	2026-05-25T00:49:31.3569626Z             format="json",
pytest	UNKNOWN STEP	2026-05-25T00:49:31.3570025Z             HTTP_X_SCHOOL_ID=str(school.id),
pytest	UNKNOWN STEP	2026-05-25T00:49:31.3570442Z         )
pytest	UNKNOWN STEP	2026-05-25T00:49:31.3570707Z     
pytest	UNKNOWN STEP	2026-05-25T00:49:31.3571015Z >       assert response.status_code == 201
pytest	UNKNOWN STEP	2026-05-25T00:49:31.3571463Z E       assert 403 == 201
pytest	UNKNOWN STEP	2026-05-25T00:49:31.3572243Z E        +  where 403 = <Response status_code=403, "application/json">.status_code
pytest	UNKNOWN STEP	2026-05-25T00:49:31.3572767Z 
pytest	UNKNOWN STEP	2026-05-25T00:49:31.3572972Z tests/test_golden_path.py:144: AssertionError
pytest	UNKNOWN STEP	2026-05-25T00:49:31.3573611Z ----------------------------- Captured stderr call -----------------------------
pytest	UNKNOWN STEP	2026-05-25T00:49:31.3574442Z [24/May/2026 20:44:53,491] WARNING django.request: Forbidden: /api/v1/billing/runs/
pytest	UNKNOWN STEP	2026-05-25T00:49:31.3575341Z ________ Phase72BillingRunsTenantTests.test_correct_school_returns_200 _________
pytest	UNKNOWN STEP	2026-05-25T00:49:31.3575895Z 
pytest	UNKNOWN STEP	2026-05-25T00:49:31.3576542Z self = <tests.test_phase72_tenant_isolation.Phase72BillingRunsTenantTests testMethod=test_correct_school_returns_200>
pytest	UNKNOWN STEP	2026-05-25T00:49:31.3577348Z 
pytest	UNKNOWN STEP	2026-05-25T00:49:31.3577531Z     def test_correct_school_returns_200(self):
pytest	UNKNOWN STEP	2026-05-25T00:49:31.3578148Z         """Correct school header -> HTTP 200 (empty list acceptable)."""
pytest	UNKNOWN STEP	2026-05-25T00:49:31.3578816Z         self.client.force_authenticate(user=self.user_a)
pytest	UNKNOWN STEP	2026-05-25T00:49:31.3579513Z         resp = self.client.get(self.URL, HTTP_X_SCHOOL_ID=str(self.school_a.id))
pytest	UNKNOWN STEP	2026-05-25T00:49:31.3580420Z >       self.assertEqual(resp.status_code, 200)
pytest	UNKNOWN STEP	2026-05-25T00:49:31.3580925Z E       AssertionError: 403 != 200
pytest	UNKNOWN STEP	2026-05-25T00:49:31.3581459Z 
pytest	UNKNOWN STEP	2026-05-25T00:49:31.3581734Z tests/test_phase72_tenant_isolation.py:160: AssertionError
pytest	UNKNOWN STEP	2026-05-25T00:49:31.3582711Z ----------------------------- Captured stderr call -----------------------------
pytest	UNKNOWN STEP	2026-05-25T00:49:31.3583526Z [24/May/2026 20:45:59,176] WARNING django.request: Forbidden: /api/v1/billing/runs/
pytest	UNKNOWN STEP	2026-05-25T00:49:31.3584458Z ________ Phase72BillingRunsTenantTests.test_missing_header_returns_400 _________
pytest	UNKNOWN STEP	2026-05-25T00:49:31.3585029Z 
pytest	UNKNOWN STEP	2026-05-25T00:49:31.3585666Z self = <tests.test_phase72_tenant_isolation.Phase72BillingRunsTenantTests testMethod=test_missing_header_returns_400>
pytest	UNKNOWN STEP	2026-05-25T00:49:31.3586472Z 
pytest	UNKNOWN STEP	2026-05-25T00:49:31.3586662Z     def test_missing_header_returns_400(self):
pytest	UNKNOWN STEP	2026-05-25T00:49:31.3587101Z         """
pytest	UNKNOWN STEP	2026-05-25T00:49:31.3587515Z         No X-School-Id -> MissingSchoolContext (HTTP 400).
pytest	UNKNOWN STEP	2026-05-25T00:49:31.3588430Z         Must use user_noschool (no school_id attribute) so tenant resolver
pytest	UNKNOWN STEP	2026-05-25T00:49:31.3589167Z         does not auto-derive the school from the user profile (which would
pytest	UNKNOWN STEP	2026-05-25T00:49:31.3589909Z         bypass the missing-header guard and return 200 for billing).
pytest	UNKNOWN STEP	2026-05-25T00:49:31.3590443Z         """
pytest	UNKNOWN STEP	2026-05-25T00:49:31.3590862Z         self.client.force_authenticate(user=self.user_noschool)
pytest	UNKNOWN STEP	2026-05-25T00:49:31.3591417Z         resp = self.client.get(self.URL)
pytest	UNKNOWN STEP	2026-05-25T00:49:31.3592118Z >       self.assertEqual(resp.status_code, 400)
pytest	UNKNOWN STEP	2026-05-25T00:49:31.3592620Z E       AssertionError: 403 != 400
pytest	UNKNOWN STEP	2026-05-25T00:49:31.3592910Z 
pytest	UNKNOWN STEP	2026-05-25T00:49:31.3593163Z tests/test_phase72_tenant_isolation.py:154: AssertionError
pytest	UNKNOWN STEP	2026-05-25T00:49:31.3593859Z ----------------------------- Captured stderr call -----------------------------
pytest	UNKNOWN STEP	2026-05-25T00:49:31.3594663Z [24/May/2026 20:46:00,329] WARNING django.request: Forbidden: /api/v1/billing/runs/
pytest	UNKNOWN STEP	2026-05-25T00:49:31.3595579Z _____ Phase72BillingRunsTenantTests.test_wrong_school_nonstaff_returns_404 _____
pytest	UNKNOWN STEP	2026-05-25T00:49:31.3596152Z 
pytest	UNKNOWN STEP	2026-05-25T00:49:31.3596840Z self = <tests.test_phase72_tenant_isolation.Phase72BillingRunsTenantTests testMethod=test_wrong_school_nonstaff_returns_404>
pytest	UNKNOWN STEP	2026-05-25T00:49:31.3597706Z 
pytest	UNKNOWN STEP	2026-05-25T00:49:31.3597921Z     def test_wrong_school_nonstaff_returns_404(self):
pytest	UNKNOWN STEP	2026-05-25T00:49:31.3598393Z         """
pytest	UNKNOWN STEP	2026-05-25T00:49:31.3598732Z         Non-staff user_a supplies school_b's ID.
pytest	UNKNOWN STEP	2026-05-25T00:49:31.3599399Z         get_request_school_id() ├óΓÇáΓÇÖ HTTP 404.
pytest	UNKNOWN STEP	2026-05-25T00:49:31.3600011Z         Canonical cross-tenant prevention confirmed for billing module.
pytest	UNKNOWN STEP	2026-05-25T00:49:31.3600586Z         """
pytest	UNKNOWN STEP	2026-05-25T00:49:31.3600963Z         self.client.force_authenticate(user=self.user_a)
pytest	UNKNOWN STEP	2026-05-25T00:49:32.4734115Z         resp = self.client.get(self.URL, HTTP_X_SCHOOL_ID=str(self.school_b.id))
pytest	UNKNOWN STEP	2026-05-25T00:49:32.4734976Z >       self.assertEqual(resp.status_code, 404)
pytest	UNKNOWN STEP	2026-05-25T00:49:32.4737878Z E       AssertionError: 403 != 404
pytest	UNKNOWN STEP	2026-05-25T00:49:32.4738411Z 
pytest	UNKNOWN STEP	2026-05-25T00:49:32.4738837Z tests/test_phase72_tenant_isolation.py:170: AssertionError
pytest	UNKNOWN STEP	2026-05-25T00:49:32.4739621Z ----------------------------- Captured stderr call -----------------------------
pytest	UNKNOWN STEP	2026-05-25T00:49:32.4740468Z [24/May/2026 20:46:02,628] WARNING django.request: Forbidden: /api/v1/billing/runs/
pytest	UNKNOWN STEP	2026-05-25T00:49:32.4741392Z ________ TestTenantIsolation.test_billing_runs_cross_tenant_returns_404 ________
pytest	UNKNOWN STEP	2026-05-25T00:49:32.4742256Z 
pytest	UNKNOWN STEP	2026-05-25T00:49:32.4742759Z self = <tests.test_tenant_isolation.TestTenantIsolation object at 0x7efc2aae5a00>
pytest	UNKNOWN STEP	2026-05-25T00:49:32.4743396Z 
pytest	UNKNOWN STEP	2026-05-25T00:49:32.4743740Z     def test_billing_runs_cross_tenant_returns_404(self):
pytest	UNKNOWN STEP	2026-05-25T00:49:32.4744398Z         self.client.force_authenticate(user=self.user_a)
pytest	UNKNOWN STEP	2026-05-25T00:49:32.4745243Z         response = self.client.get("/api/v1/billing/runs/", HTTP_X_SCHOOL_ID=str(self.school_b.id))
pytest	UNKNOWN STEP	2026-05-25T00:49:32.4746095Z >       assert response.status_code == 404
pytest	UNKNOWN STEP	2026-05-25T00:49:32.4746659Z E       assert 403 == 404
pytest	UNKNOWN STEP	2026-05-25T00:49:32.4747581Z E        +  where 403 = <Response status_code=403, "application/json">.status_code
pytest	UNKNOWN STEP	2026-05-25T00:49:32.4748210Z 
pytest	UNKNOWN STEP	2026-05-25T00:49:32.4748545Z tests/test_tenant_isolation.py:52: AssertionError
pytest	UNKNOWN STEP	2026-05-25T00:49:32.4749258Z ----------------------------- Captured stderr call -----------------------------
pytest	UNKNOWN STEP	2026-05-25T00:49:32.4750153Z [24/May/2026 20:48:07,889] WARNING django.request: Forbidden: /api/v1/billing/runs/
pytest	UNKNOWN STEP	2026-05-25T00:49:32.4751095Z _ TestWizardCreateSession.test_all_wizards_create_session (wizard='reenrollment') _
pytest	UNKNOWN STEP	2026-05-25T00:49:32.4751743Z 
pytest	UNKNOWN STEP	2026-05-25T00:49:32.4752660Z self = <tests.test_wizard_contract.TestWizardCreateSession testMethod=test_all_wizards_create_session>
pytest	UNKNOWN STEP	2026-05-25T00:49:32.4753444Z 
pytest	UNKNOWN STEP	2026-05-25T00:49:32.4753751Z     def test_all_wizards_create_session(self):
pytest	UNKNOWN STEP	2026-05-25T00:49:32.4754339Z         for description, url in WIZARD_ENDPOINTS:
pytest	UNKNOWN STEP	2026-05-25T00:49:32.4754926Z             with self.subTest(wizard=description):
pytest	UNKNOWN STEP	2026-05-25T00:49:32.4755735Z >               self._assert_201(description, url)
pytest	UNKNOWN STEP	2026-05-25T00:49:32.4756165Z 
pytest	UNKNOWN STEP	2026-05-25T00:49:32.4756466Z tests/test_wizard_contract.py:181: 
pytest	UNKNOWN STEP	2026-05-25T00:49:32.4757054Z _ _ _ _ _ _ _ _ _ _ _ _ _ _ _ _ _ _ _ _ _ _ _ _ _ _ _ _ _ _ _ _ _ _ _ _ _ _ _ _ 
pytest	UNKNOWN STEP	2026-05-25T00:49:32.4757709Z tests/test_wizard_contract.py:169: in _assert_201
pytest	UNKNOWN STEP	2026-05-25T00:49:32.4758273Z     self.assertEqual(
pytest	UNKNOWN STEP	2026-05-25T00:49:32.4759203Z E   AssertionError: 403 != 201 : reenrollment (/api/v1/reenrollment/sessions/): expected 201, got 403. Body: {'detail': 'Permission denied.'}
pytest	UNKNOWN STEP	2026-05-25T00:49:32.4760470Z _ TestWizardTenantIsolation.test_all_wizards_isolate_tenants (wizard='reenrollment') _
pytest	UNKNOWN STEP	2026-05-25T00:49:32.4761139Z 
pytest	UNKNOWN STEP	2026-05-25T00:49:32.4761758Z self = <tests.test_wizard_contract.TestWizardTenantIsolation testMethod=test_all_wizards_isolate_tenants>
pytest	UNKNOWN STEP	2026-05-25T00:49:32.4762746Z 
pytest	UNKNOWN STEP	2026-05-25T00:49:32.4763070Z     def test_all_wizards_isolate_tenants(self):
pytest	UNKNOWN STEP	2026-05-25T00:49:32.4763754Z         for description, url in WIZARD_ENDPOINTS:
pytest	UNKNOWN STEP	2026-05-25T00:49:32.4764388Z             with self.subTest(wizard=description):
pytest	UNKNOWN STEP	2026-05-25T00:49:32.4765059Z >               self._assert_tenant_isolation(description, url)
pytest	UNKNOWN STEP	2026-05-25T00:49:32.4765569Z 
pytest	UNKNOWN STEP	2026-05-25T00:49:32.4765876Z tests/test_wizard_contract.py:221: 
pytest	UNKNOWN STEP	2026-05-25T00:49:32.4766508Z _ _ _ _ _ _ _ _ _ _ _ _ _ _ _ _ _ _ _ _ _ _ _ _ _ _ _ _ _ _ _ _ _ _ _ _ _ _ _ _ 
pytest	UNKNOWN STEP	2026-05-25T00:49:32.4767297Z tests/test_wizard_contract.py:206: in _assert_tenant_isolation
pytest	UNKNOWN STEP	2026-05-25T00:49:32.4768292Z     self.assertEqual(r.status_code, 201, f"{description}: session creation failed {r.status_code}")
pytest	UNKNOWN STEP	2026-05-25T00:49:32.4769352Z E   AssertionError: 403 != 201 : reenrollment: session creation failed 403
pytest	UNKNOWN STEP	2026-05-25T00:49:32.4770184Z =============================== warnings summary ===============================
pytest	UNKNOWN STEP	2026-05-25T00:49:32.4770994Z backend/crown_api/exports/tests/test_exports_jwt_auth.py: 1 warning
pytest	UNKNOWN STEP	2026-05-25T00:49:32.4772149Z backend/onboarding/tests/test_parent_enrollment_guidance.py: 8 warnings
pytest	UNKNOWN STEP	2026-05-25T00:49:32.4773259Z backend/onboarding/tests/test_views.py: 23 warnings
pytest	UNKNOWN STEP	2026-05-25T00:49:32.4774005Z backend/reenrollment/tests/test_views.py: 37 warnings
pytest	UNKNOWN STEP	2026-05-25T00:49:32.4774738Z backend/tests/test_ensure_ci_user_api.py: 2 warnings
pytest	UNKNOWN STEP	2026-05-25T00:49:32.4776525Z   /opt/hostedtoolcache/Python/3.12.13/x64/lib/python3.12/site-packages/jwt/api_jwt.py:147: InsecureKeyLengthWarning: The HMAC key is 18 bytes long, which is below the minimum recommended length of 32 bytes for SHA256. See RFC 7518 Section 3.2.
pytest	UNKNOWN STEP	2026-05-25T00:49:32.4778297Z     return self._jws.encode(
pytest	UNKNOWN STEP	2026-05-25T00:49:32.4778727Z 
pytest	UNKNOWN STEP	2026-05-25T00:49:32.4779187Z backend/crown_api/exports/tests/test_exports_jwt_auth.py: 1 warning
pytest	UNKNOWN STEP	2026-05-25T00:49:32.4780120Z backend/onboarding/tests/test_parent_enrollment_guidance.py: 8 warnings
pytest	UNKNOWN STEP	2026-05-25T00:49:32.4780970Z backend/onboarding/tests/test_views.py: 23 warnings
pytest	UNKNOWN STEP	2026-05-25T00:49:32.4781698Z backend/reenrollment/tests/test_views.py: 37 warnings
pytest	UNKNOWN STEP	2026-05-25T00:49:32.4783922Z   /opt/hostedtoolcache/Python/3.12.13/x64/lib/python3.12/site-packages/jwt/api_jwt.py:365: InsecureKeyLengthWarning: The HMAC key is 18 bytes long, which is below the minimum recommended length of 32 bytes for SHA256. See RFC 7518 Section 3.2.
pytest	UNKNOWN STEP	2026-05-25T00:49:32.4785701Z     decoded = self.decode_complete(
pytest	UNKNOWN STEP	2026-05-25T00:49:32.4786151Z 
pytest	UNKNOWN STEP	2026-05-25T00:49:32.4786695Z backend/facops/tests/test_facops.py::TestDrills::test_list
pytest	UNKNOWN STEP	2026-05-25T00:49:32.4787609Z backend/facops/tests/test_facops.py::TestSecuritySummary::test_returns_counts
pytest	UNKNOWN STEP	2026-05-25T00:49:32.4789647Z   /opt/hostedtoolcache/Python/3.12.13/x64/lib/python3.12/site-packages/django/db/models/fields/__init__.py:1612: RuntimeWarning: DateTimeField Drill.planned_for received a naive datetime (2026-05-24 00:00:00) while time zone support is active.
pytest	UNKNOWN STEP	2026-05-25T00:49:32.4791520Z     warnings.warn(
pytest	UNKNOWN STEP	2026-05-25T00:49:32.4792299Z 
pytest	UNKNOWN STEP	2026-05-25T00:49:32.4792820Z -- Docs: https://docs.pytest.org/en/stable/how-to/capture-warnings.html
pytest	UNKNOWN STEP	2026-05-25T00:49:32.4793938Z =========================== short test summary info ============================
pytest	UNKNOWN STEP	2026-05-25T00:49:32.4795074Z SKIPPED [1] analytics/tests/test_predictor_integrations.py:9: could not import 'pandas': No module named 'pandas'
pytest	UNKNOWN STEP	2026-05-25T00:49:32.4796737Z SKIPPED [1] academics/tests/test_attendance_hardening_v2.py:41: No Section in DB ΓÇö run seed first
pytest	UNKNOWN STEP	2026-05-25T00:49:32.4797873Z SKIPPED [1] academics/tests/test_attendance_hardening_v2.py:89: No Section in DB
pytest	UNKNOWN STEP	2026-05-25T00:49:32.4799251Z SKIPPED [1] academics/tests/test_lane3_attendance_smoke.py:21: No academics.models.Section in DB ΓÇö run seed first
pytest	UNKNOWN STEP	2026-05-25T00:49:32.4800480Z SKIPPED [1] academics/tests/test_lane3_attendance_smoke.py:56: No Section in DB
pytest	UNKNOWN STEP	2026-05-25T00:49:32.4802032Z SKIPPED [1] billing/tests/test_lane2_billing_smoke.py:25: DEMO school id not available (set settings.DEMO_SCHOOL_ID or env CROWN_DEMO_SCHOOL_ID)
pytest	UNKNOWN STEP	2026-05-25T00:49:32.4803824Z SKIPPED [1] billing/tests/test_lane2_payment_endpoints.py:13: DEMO school id not available (set settings.DEMO_SCHOOL_ID or env CROWN_DEMO_SCHOOL_ID)
pytest	UNKNOWN STEP	2026-05-25T00:49:32.4805242Z SKIPPED [1] classroom/tests/test_classroom_api.py:12: No school in database
pytest	UNKNOWN STEP	2026-05-25T00:49:32.4806292Z SKIPPED [1] classroom/tests/test_classroom_api.py:30: No school in database
pytest	UNKNOWN STEP	2026-05-25T00:49:32.4807703Z SKIPPED [1] crown_api/tests/test_object_level_permissions.py:272: Plan creation returned 403 ΓÇö skipping shared access test.
pytest	UNKNOWN STEP	2026-05-25T00:49:32.4809147Z FAILED billing/tests/test_billing_summary_api.py::test_billing_run_summary_gross_aid_net - assert 403 == 200
pytest	UNKNOWN STEP	2026-05-25T00:49:32.4810295Z  +  where 403 = <Response status_code=403, "application/json">.status_code
pytest	UNKNOWN STEP	2026-05-25T00:49:32.4812445Z FAILED crown_api/tests/test_rbac_matrix_writes.py::BillingInstallmentPlansRbacTests::test_non_staff_can_post_installment_plan - AssertionError: 403 unexpectedly found in (401, 403, 500) : Non-staff installment plan POST unexpectedly blocked: 403.
pytest	UNKNOWN STEP	2026-05-25T00:49:32.4815424Z FAILED crown_api/tests/test_rbac_matrix_writes.py::BillingInstallmentPlansRbacTests::test_staff_can_post_installment_plan - AssertionError: 403 unexpectedly found in (401, 403, 500) : Staff installment plan POST failed unexpectedly: 403.
pytest	UNKNOWN STEP	2026-05-25T00:49:32.4817630Z FAILED tests/test_golden_path.py::test_billing_run_creation_generates_invoice_for_enrolled_students - assert 403 == 201
pytest	UNKNOWN STEP	2026-05-25T00:49:32.4818842Z  +  where 403 = <Response status_code=403, "application/json">.status_code
pytest	UNKNOWN STEP	2026-05-25T00:49:32.4820187Z FAILED tests/test_phase72_tenant_isolation.py::Phase72BillingRunsTenantTests::test_correct_school_returns_200 - AssertionError: 403 != 200
pytest	UNKNOWN STEP	2026-05-25T00:49:32.4822130Z FAILED tests/test_phase72_tenant_isolation.py::Phase72BillingRunsTenantTests::test_missing_header_returns_400 - AssertionError: 403 != 400
pytest	UNKNOWN STEP	2026-05-25T00:49:32.4823961Z FAILED tests/test_phase72_tenant_isolation.py::Phase72BillingRunsTenantTests::test_wrong_school_nonstaff_returns_404 - AssertionError: 403 != 404
pytest	UNKNOWN STEP	2026-05-25T00:49:32.4825793Z FAILED tests/test_tenant_isolation.py::TestTenantIsolation::test_billing_runs_cross_tenant_returns_404 - assert 403 == 404
pytest	UNKNOWN STEP	2026-05-25T00:49:32.4838880Z  +  where 403 = <Response status_code=403, "application/json">.status_code
pytest	UNKNOWN STEP	2026-05-25T00:49:32.4843075Z SUBFAILED(wizard='reenrollment') tests/test_wizard_contract.py::TestWizardCreateSession::test_all_wizards_create_session - AssertionError: 403 != 201 : reenrollment (/api/v1/reenrollment/sessions/): expected 201, got 403. Body: {'detail': 'Permission denied.'}
pytest	UNKNOWN STEP	2026-05-25T00:49:32.4846241Z SUBFAILED(wizard='reenrollment') tests/test_wizard_contract.py::TestWizardTenantIsolation::test_all_wizards_isolate_tenants - AssertionError: 403 != 201 : reenrollment: session creation failed 403
pytest	UNKNOWN STEP	2026-05-25T00:49:32.4848248Z 10 failed, 3049 passed, 10 skipped, 142 warnings, 86 subtests passed in 910.56s (0:15:10)
pytest	UNKNOWN STEP	2026-05-25T00:49:33.4832796Z ##[error]Process completed with exit code 1.
pytest	UNKNOWN STEP	2026-05-25T00:49:33.4956415Z Post job cleanup.
pytest	UNKNOWN STEP	2026-05-25T00:49:33.5882587Z [command]/usr/bin/git version
pytest	UNKNOWN STEP	2026-05-25T00:49:33.5946255Z git version 2.54.0
pytest	UNKNOWN STEP	2026-05-25T00:49:33.6043257Z Temporarily overriding HOME='/home/runner/work/_temp/da218efc-6657-4d9d-b4a2-5bde6b857693' before making global git config changes
pytest	UNKNOWN STEP	2026-05-25T00:49:33.6053584Z Adding repository directory to the temporary git global config as a safe directory
pytest	UNKNOWN STEP	2026-05-25T00:49:33.6062763Z [command]/usr/bin/git config --global --add safe.directory /home/runner/work/Crown2026/Crown2026
pytest	UNKNOWN STEP	2026-05-25T00:49:33.6122612Z [command]/usr/bin/git config --local --name-only --get-regexp core\.sshCommand
pytest	UNKNOWN STEP	2026-05-25T00:49:33.6163709Z [command]/usr/bin/git submodule foreach --recursive sh -c "git config --local --name-only --get-regexp 'core\.sshCommand' && git config --local --unset-all 'core.sshCommand' || :"
pytest	UNKNOWN STEP	2026-05-25T00:49:33.6522941Z [command]/usr/bin/git config --local --name-only --get-regexp http\.https\:\/\/github\.com\/\.extraheader
pytest	UNKNOWN STEP	2026-05-25T00:49:33.6555506Z http.https://github.com/.extraheader
pytest	UNKNOWN STEP	2026-05-25T00:49:33.6578666Z [command]/usr/bin/git config --local --unset-all http.https://github.com/.extraheader
pytest	UNKNOWN STEP	2026-05-25T00:49:33.6643612Z [command]/usr/bin/git submodule foreach --recursive sh -c "git config --local --name-only --get-regexp 'http\.https\:\/\/github\.com\/\.extraheader' && git config --local --unset-all 'http.https://github.com/.extraheader' || :"
pytest	UNKNOWN STEP	2026-05-25T00:49:33.7150780Z Cleaning up orphan processes
pytest	UNKNOWN STEP	2026-05-25T00:49:33.7611244Z ##[warning]Node.js 20 actions are deprecated. The following actions are running on Node.js 20 and may not work as expected: actions/checkout@b4ffde65f46336ab88eb53be808477a3936bae11, actions/setup-python@7f4fc3e22c37d6ff65e88745f38bd3157c663f7c. Actions will be forced to run with Node.js 24 by default starting June 2nd, 2026. Node.js 20 will be removed from the runner on September 16th, 2026. Please check if updated versions of these actions are available that support Node.js 24. To opt into Node.js 24 now, set the FORCE_JAVASCRIPT_ACTIONS_TO_NODE24=true environment variable on the runner or in your workflow file. Once Node.js 24 becomes the default, you can temporarily opt out by setting ACTIONS_ALLOW_USE_UNSECURE_NODE_VERSION=true. For more information see: https://github.blog/changelog/2025-09-19-deprecation-of-node-20-on-github-actions-runners/
