prove	UNKNOWN STEP	∩╗┐2026-05-25T07:54:53.8035435Z Current runner version: '2.334.0'
prove	UNKNOWN STEP	2026-05-25T07:54:53.8068320Z ##[group]Runner Image Provisioner
prove	UNKNOWN STEP	2026-05-25T07:54:53.8069733Z Hosted Compute Agent
prove	UNKNOWN STEP	2026-05-25T07:54:53.8070967Z Version: 20260213.493
prove	UNKNOWN STEP	2026-05-25T07:54:53.8071997Z Commit: 5c115507f6dd24b8de37d8bbe0bb4509d0cc0fa3
prove	UNKNOWN STEP	2026-05-25T07:54:53.8073263Z Build Date: 2026-02-13T00:28:41Z
prove	UNKNOWN STEP	2026-05-25T07:54:53.8074335Z Worker ID: {47488c61-4095-4c84-a7c7-9340368a8dc6}
prove	UNKNOWN STEP	2026-05-25T07:54:53.8075498Z Azure Region: westus3
prove	UNKNOWN STEP	2026-05-25T07:54:53.8076327Z ##[endgroup]
prove	UNKNOWN STEP	2026-05-25T07:54:53.8078818Z ##[group]Operating System
prove	UNKNOWN STEP	2026-05-25T07:54:53.8079771Z Ubuntu
prove	UNKNOWN STEP	2026-05-25T07:54:53.8080554Z 24.04.4
prove	UNKNOWN STEP	2026-05-25T07:54:53.8081892Z LTS
prove	UNKNOWN STEP	2026-05-25T07:54:53.8082695Z ##[endgroup]
prove	UNKNOWN STEP	2026-05-25T07:54:53.8083644Z ##[group]Runner Image
prove	UNKNOWN STEP	2026-05-25T07:54:53.8084751Z Image: ubuntu-24.04
prove	UNKNOWN STEP	2026-05-25T07:54:53.8085700Z Version: 20260518.149.1
prove	UNKNOWN STEP	2026-05-25T07:54:53.8087847Z Included Software: https://github.com/actions/runner-images/blob/ubuntu24/20260518.149/images/ubuntu/Ubuntu2404-Readme.md
prove	UNKNOWN STEP	2026-05-25T07:54:53.8091392Z Image Release: https://github.com/actions/runner-images/releases/tag/ubuntu24%2F20260518.149
prove	UNKNOWN STEP	2026-05-25T07:54:53.8092982Z ##[endgroup]
prove	UNKNOWN STEP	2026-05-25T07:54:53.8094766Z ##[group]GITHUB_TOKEN Permissions
prove	UNKNOWN STEP	2026-05-25T07:54:53.8097221Z Contents: read
prove	UNKNOWN STEP	2026-05-25T07:54:53.8098128Z Metadata: read
prove	UNKNOWN STEP	2026-05-25T07:54:53.8099066Z ##[endgroup]
prove	UNKNOWN STEP	2026-05-25T07:54:53.8102552Z Secret source: Actions
prove	UNKNOWN STEP	2026-05-25T07:54:53.8103759Z Prepare workflow directory
prove	UNKNOWN STEP	2026-05-25T07:54:53.8644996Z Prepare all required actions
prove	UNKNOWN STEP	2026-05-25T07:54:53.8702683Z Getting action download info
prove	UNKNOWN STEP	2026-05-25T07:54:54.4025949Z Download action repository 'actions/checkout@b4ffde65f46336ab88eb53be808477a3936bae11' (SHA:b4ffde65f46336ab88eb53be808477a3936bae11)
prove	UNKNOWN STEP	2026-05-25T07:54:54.6717567Z Complete job name: prove
prove	UNKNOWN STEP	2026-05-25T07:54:54.7561685Z ##[group]Run actions/checkout@b4ffde65f46336ab88eb53be808477a3936bae11
prove	UNKNOWN STEP	2026-05-25T07:54:54.7562880Z with:
prove	UNKNOWN STEP	2026-05-25T07:54:54.7563336Z   repository: tcmegahan/Crown2026
prove	UNKNOWN STEP	2026-05-25T07:54:54.7564062Z   token: ***
prove	UNKNOWN STEP	2026-05-25T07:54:54.7564517Z   ssh-strict: true
prove	UNKNOWN STEP	2026-05-25T07:54:54.7564977Z   persist-credentials: true
prove	UNKNOWN STEP	2026-05-25T07:54:54.7565474Z   clean: true
prove	UNKNOWN STEP	2026-05-25T07:54:54.7565916Z   sparse-checkout-cone-mode: true
prove	UNKNOWN STEP	2026-05-25T07:54:54.7566446Z   fetch-depth: 1
prove	UNKNOWN STEP	2026-05-25T07:54:54.7566890Z   fetch-tags: false
prove	UNKNOWN STEP	2026-05-25T07:54:54.7567330Z   show-progress: true
prove	UNKNOWN STEP	2026-05-25T07:54:54.7567797Z   lfs: false
prove	UNKNOWN STEP	2026-05-25T07:54:54.7568208Z   submodules: false
prove	UNKNOWN STEP	2026-05-25T07:54:54.7568665Z   set-safe-directory: true
prove	UNKNOWN STEP	2026-05-25T07:54:54.7569398Z ##[endgroup]
prove	UNKNOWN STEP	2026-05-25T07:54:54.9690409Z Syncing repository: tcmegahan/Crown2026
prove	UNKNOWN STEP	2026-05-25T07:54:54.9696770Z ##[group]Getting Git version info
prove	UNKNOWN STEP	2026-05-25T07:54:54.9698668Z Working directory is '/home/runner/work/Crown2026/Crown2026'
prove	UNKNOWN STEP	2026-05-25T07:54:54.9701915Z [command]/usr/bin/git version
prove	UNKNOWN STEP	2026-05-25T07:54:54.9703312Z git version 2.54.0
prove	UNKNOWN STEP	2026-05-25T07:54:54.9707716Z ##[endgroup]
prove	UNKNOWN STEP	2026-05-25T07:54:54.9715057Z Temporarily overriding HOME='/home/runner/work/_temp/02a5dea5-1c3a-4aac-a0c0-76141ce0ec22' before making global git config changes
prove	UNKNOWN STEP	2026-05-25T07:54:54.9718231Z Adding repository directory to the temporary git global config as a safe directory
prove	UNKNOWN STEP	2026-05-25T07:54:54.9721369Z [command]/usr/bin/git config --global --add safe.directory /home/runner/work/Crown2026/Crown2026
prove	UNKNOWN STEP	2026-05-25T07:54:54.9725601Z Deleting the contents of '/home/runner/work/Crown2026/Crown2026'
prove	UNKNOWN STEP	2026-05-25T07:54:54.9728004Z ##[group]Initializing the repository
prove	UNKNOWN STEP	2026-05-25T07:54:54.9729698Z [command]/usr/bin/git init /home/runner/work/Crown2026/Crown2026
prove	UNKNOWN STEP	2026-05-25T07:54:54.9732068Z hint: Using 'master' as the name for the initial branch. This default branch name
prove	UNKNOWN STEP	2026-05-25T07:54:54.9734343Z hint: will change to "main" in Git 3.0. To configure the initial branch name
prove	UNKNOWN STEP	2026-05-25T07:54:54.9736704Z hint: to use in all of your new repositories, which will suppress this warning,
prove	UNKNOWN STEP	2026-05-25T07:54:54.9738568Z hint: call:
prove	UNKNOWN STEP	2026-05-25T07:54:54.9739644Z hint:
prove	UNKNOWN STEP	2026-05-25T07:54:54.9741191Z hint: 	git config --global init.defaultBranch <name>
prove	UNKNOWN STEP	2026-05-25T07:54:54.9743326Z hint:
prove	UNKNOWN STEP	2026-05-25T07:54:54.9744805Z hint: Names commonly chosen instead of 'master' are 'main', 'trunk' and
prove	UNKNOWN STEP	2026-05-25T07:54:54.9747028Z hint: 'development'. The just-created branch can be renamed via this command:
prove	UNKNOWN STEP	2026-05-25T07:54:54.9748797Z hint:
prove	UNKNOWN STEP	2026-05-25T07:54:54.9749947Z hint: 	git branch -m <name>
prove	UNKNOWN STEP	2026-05-25T07:54:54.9751463Z hint:
prove	UNKNOWN STEP	2026-05-25T07:54:54.9752976Z hint: Disable this message with "git config set advice.defaultBranchName false"
prove	UNKNOWN STEP	2026-05-25T07:54:54.9755499Z Initialized empty Git repository in /home/runner/work/Crown2026/Crown2026/.git/
prove	UNKNOWN STEP	2026-05-25T07:54:54.9759565Z [command]/usr/bin/git remote add origin https://github.com/tcmegahan/Crown2026
prove	UNKNOWN STEP	2026-05-25T07:54:54.9764073Z ##[endgroup]
prove	UNKNOWN STEP	2026-05-25T07:54:54.9765781Z ##[group]Disabling automatic garbage collection
prove	UNKNOWN STEP	2026-05-25T07:54:54.9767382Z [command]/usr/bin/git config --local gc.auto 0
prove	UNKNOWN STEP	2026-05-25T07:54:54.9771103Z ##[endgroup]
prove	UNKNOWN STEP	2026-05-25T07:54:54.9772859Z ##[group]Setting up auth
prove	UNKNOWN STEP	2026-05-25T07:54:54.9774617Z [command]/usr/bin/git config --local --name-only --get-regexp core\.sshCommand
prove	UNKNOWN STEP	2026-05-25T07:54:54.9779973Z [command]/usr/bin/git submodule foreach --recursive sh -c "git config --local --name-only --get-regexp 'core\.sshCommand' && git config --local --unset-all 'core.sshCommand' || :"
prove	UNKNOWN STEP	2026-05-25T07:54:54.9786014Z [command]/usr/bin/git config --local --name-only --get-regexp http\.https\:\/\/github\.com\/\.extraheader
prove	UNKNOWN STEP	2026-05-25T07:54:54.9792327Z [command]/usr/bin/git submodule foreach --recursive sh -c "git config --local --name-only --get-regexp 'http\.https\:\/\/github\.com\/\.extraheader' && git config --local --unset-all 'http.https://github.com/.extraheader' || :"
prove	UNKNOWN STEP	2026-05-25T07:54:54.9819660Z [command]/usr/bin/git config --local http.https://github.com/.extraheader AUTHORIZATION: basic ***
prove	UNKNOWN STEP	2026-05-25T07:54:54.9857067Z ##[endgroup]
prove	UNKNOWN STEP	2026-05-25T07:54:54.9858943Z ##[group]Fetching the repository
prove	UNKNOWN STEP	2026-05-25T07:54:54.9867592Z [command]/usr/bin/git -c protocol.version=2 fetch --no-tags --prune --no-recurse-submodules --depth=1 origin +7af6c4917cd820d0402b0a98442b1e4986c6cd1d:refs/remotes/origin/main
prove	UNKNOWN STEP	2026-05-25T07:55:02.5533364Z From https://github.com/tcmegahan/Crown2026
prove	UNKNOWN STEP	2026-05-25T07:55:02.5538099Z  * [new ref]         7af6c4917cd820d0402b0a98442b1e4986c6cd1d -> origin/main
prove	UNKNOWN STEP	2026-05-25T07:55:02.5574833Z ##[endgroup]
prove	UNKNOWN STEP	2026-05-25T07:55:02.5580542Z ##[group]Determining the checkout info
prove	UNKNOWN STEP	2026-05-25T07:55:02.5583280Z ##[endgroup]
prove	UNKNOWN STEP	2026-05-25T07:55:02.5585180Z ##[group]Checking out the ref
prove	UNKNOWN STEP	2026-05-25T07:55:02.5587524Z [command]/usr/bin/git checkout --progress --force -B main refs/remotes/origin/main
prove	UNKNOWN STEP	2026-05-25T07:55:03.4372527Z Switched to a new branch 'main'
prove	UNKNOWN STEP	2026-05-25T07:55:03.4377011Z branch 'main' set up to track 'origin/main'.
prove	UNKNOWN STEP	2026-05-25T07:55:03.4419121Z ##[endgroup]
prove	UNKNOWN STEP	2026-05-25T07:55:03.4521730Z [command]/usr/bin/git log -1 --format='%H'
prove	UNKNOWN STEP	2026-05-25T07:55:03.4522883Z '7af6c4917cd820d0402b0a98442b1e4986c6cd1d'
prove	UNKNOWN STEP	2026-05-25T07:55:03.4735400Z ##[group]Run set -euo pipefail
prove	UNKNOWN STEP	2026-05-25T07:55:03.4735776Z [36;1mset -euo pipefail[0m
prove	UNKNOWN STEP	2026-05-25T07:55:03.4736113Z [36;1mFILE=".github/prod-integrity-target.json"[0m
prove	UNKNOWN STEP	2026-05-25T07:55:03.4736453Z [36;1m[0m
prove	UNKNOWN STEP	2026-05-25T07:55:03.4736643Z [36;1mif [[ ! -f "$FILE" ]]; then[0m
prove	UNKNOWN STEP	2026-05-25T07:55:03.4736912Z [36;1m  echo "Missing $FILE" >&2[0m
prove	UNKNOWN STEP	2026-05-25T07:55:03.4737152Z [36;1m  exit 1[0m
prove	UNKNOWN STEP	2026-05-25T07:55:03.4737339Z [36;1mfi[0m
prove	UNKNOWN STEP	2026-05-25T07:55:03.4737505Z [36;1m[0m
prove	UNKNOWN STEP	2026-05-25T07:55:03.4737691Z [36;1m# Pull defaults from JSON[0m
prove	UNKNOWN STEP	2026-05-25T07:55:03.4737966Z [36;1mdefault_tag="$(jq -r '.tag' "$FILE")"[0m
prove	UNKNOWN STEP	2026-05-25T07:55:03.4738326Z [36;1mdefault_expected_sha="$(jq -r '.expected_sha' "$FILE")"[0m
prove	UNKNOWN STEP	2026-05-25T07:55:03.4738721Z [36;1mdefault_health_url="$(jq -r '.health_url' "$FILE")"[0m
prove	UNKNOWN STEP	2026-05-25T07:55:03.4739018Z [36;1m[0m
prove	UNKNOWN STEP	2026-05-25T07:55:03.4739210Z [36;1m# Manual inputs (may be empty)[0m
prove	UNKNOWN STEP	2026-05-25T07:55:03.4739464Z [36;1min_tag=""[0m
prove	UNKNOWN STEP	2026-05-25T07:55:03.4739716Z [36;1min_expected_sha=""[0m
prove	UNKNOWN STEP	2026-05-25T07:55:03.4739967Z [36;1min_health_url=""[0m
prove	UNKNOWN STEP	2026-05-25T07:55:03.4740453Z [36;1m[0m
prove	UNKNOWN STEP	2026-05-25T07:55:03.4740934Z [36;1m# Resolve final values (manual overrides only if non-empty)[0m
prove	UNKNOWN STEP	2026-05-25T07:55:03.4741294Z [36;1mtag="$default_tag"[0m
prove	UNKNOWN STEP	2026-05-25T07:55:03.4741548Z [36;1mexpected_sha="$default_expected_sha"[0m
prove	UNKNOWN STEP	2026-05-25T07:55:03.4741837Z [36;1mhealth_url="$default_health_url"[0m
prove	UNKNOWN STEP	2026-05-25T07:55:03.4742088Z [36;1m[0m
prove	UNKNOWN STEP	2026-05-25T07:55:03.4742307Z [36;1mif [[ -n "${in_tag:-}" ]]; then tag="$in_tag"; fi[0m
prove	UNKNOWN STEP	2026-05-25T07:55:03.4742712Z [36;1mif [[ -n "${in_expected_sha:-}" ]]; then expected_sha="$in_expected_sha"; fi[0m
prove	UNKNOWN STEP	2026-05-25T07:55:03.4743168Z [36;1mif [[ -n "${in_health_url:-}" ]]; then health_url="$in_health_url"; fi[0m
prove	UNKNOWN STEP	2026-05-25T07:55:03.4743524Z [36;1m[0m
prove	UNKNOWN STEP	2026-05-25T07:55:03.4743715Z [36;1mecho "tag=$tag" >> "$GITHUB_OUTPUT"[0m
prove	UNKNOWN STEP	2026-05-25T07:55:03.4744055Z [36;1mecho "expected_sha=$expected_sha" >> "$GITHUB_OUTPUT"[0m
prove	UNKNOWN STEP	2026-05-25T07:55:03.4744428Z [36;1mecho "health_url=$health_url" >> "$GITHUB_OUTPUT"[0m
prove	UNKNOWN STEP	2026-05-25T07:55:03.4783819Z shell: /usr/bin/bash --noprofile --norc -e -o pipefail {0}
prove	UNKNOWN STEP	2026-05-25T07:55:03.4784204Z ##[endgroup]
prove	UNKNOWN STEP	2026-05-25T07:55:03.4991033Z ##[group]Run set -euo pipefail
prove	UNKNOWN STEP	2026-05-25T07:55:03.4991386Z [36;1mset -euo pipefail[0m
prove	UNKNOWN STEP	2026-05-25T07:55:03.4991847Z [36;1murl="https://crown-api-prod.azurewebsites.net/api/health/"[0m
prove	UNKNOWN STEP	2026-05-25T07:55:03.4992222Z [36;1mecho "Hitting: $url"[0m
prove	UNKNOWN STEP	2026-05-25T07:55:03.4992500Z [36;1mbody="$(curl --max-time 30 -f -sSfL "$url")"[0m
prove	UNKNOWN STEP	2026-05-25T07:55:03.4992805Z [36;1mecho "$body" | jq . >/dev/null[0m
prove	UNKNOWN STEP	2026-05-25T07:55:03.4993085Z [36;1mecho "body=$body" >> "$GITHUB_OUTPUT"[0m
prove	UNKNOWN STEP	2026-05-25T07:55:03.5025174Z shell: /usr/bin/bash --noprofile --norc -e -o pipefail {0}
prove	UNKNOWN STEP	2026-05-25T07:55:03.5025523Z ##[endgroup]
prove	UNKNOWN STEP	2026-05-25T07:55:03.5077650Z Hitting: https://crown-api-prod.azurewebsites.net/api/health/
prove	UNKNOWN STEP	2026-05-25T07:55:04.6461347Z ##[group]Run set -euo pipefail
prove	UNKNOWN STEP	2026-05-25T07:55:04.6461723Z [36;1mset -euo pipefail[0m
prove	UNKNOWN STEP	2026-05-25T07:55:04.6462033Z [36;1mexpected="c7ab4328516ad0354d20606c5e6a60d05dc07b73"[0m
prove	UNKNOWN STEP	2026-05-25T07:55:04.6462384Z [36;1mtag="prod-2026-03-28-02"[0m
prove	UNKNOWN STEP	2026-05-25T07:55:04.6463588Z [36;1mbody='{"ok": true, "status": "ok", "demo_mode": false, "build_sha": "809b300cb21f2ad49e8cb4adb2e77997d9ac32b7", "prod_deploy_tag": "prod-deploy-20260521-809b300", "env": "prod", "build_time_utc": "2026-05-25T07:55:03.795597+00:00", "version": "crown-0.4.0-rc1", "db": "ok", "deploy_run_id": "26247055346", "deploy_workflow": "Production Deploy"}'[0m
prove	UNKNOWN STEP	2026-05-25T07:55:04.6464772Z [36;1m[0m
prove	UNKNOWN STEP	2026-05-25T07:55:04.6464948Z [36;1mpython - <<'PY'[0m
prove	UNKNOWN STEP	2026-05-25T07:55:04.6465175Z [36;1mimport json, os, sys[0m
prove	UNKNOWN STEP	2026-05-25T07:55:04.6465384Z [36;1m[0m
prove	UNKNOWN STEP	2026-05-25T07:55:04.6465581Z [36;1mexpected = os.environ["EXPECTED"][0m
prove	UNKNOWN STEP	2026-05-25T07:55:04.6465845Z [36;1mtag = os.environ["TAG"][0m
prove	UNKNOWN STEP	2026-05-25T07:55:04.6466104Z [36;1mbody = os.environ["BODY"][0m
prove	UNKNOWN STEP	2026-05-25T07:55:04.6466324Z [36;1m[0m
prove	UNKNOWN STEP	2026-05-25T07:55:04.6466502Z [36;1mdata = json.loads(body)[0m
prove	UNKNOWN STEP	2026-05-25T07:55:04.6466725Z [36;1m[0m
prove	UNKNOWN STEP	2026-05-25T07:55:04.6466927Z [36;1m# Try common top-level keys first.[0m
prove	UNKNOWN STEP	2026-05-25T07:55:04.6467187Z [36;1mcandidates = [[0m
prove	UNKNOWN STEP	2026-05-25T07:55:04.6467493Z [36;1m  "build_sha", "BUILD_SHA", "sha", "git_sha", "commit", "commit_sha",[0m
prove	UNKNOWN STEP	2026-05-25T07:55:04.6467878Z [36;1m  "build", "revision", "version", "release_sha"[0m
prove	UNKNOWN STEP	2026-05-25T07:55:04.6468154Z [36;1m][0m
prove	UNKNOWN STEP	2026-05-25T07:55:04.6468327Z [36;1mfound = None[0m
prove	UNKNOWN STEP	2026-05-25T07:55:04.6468527Z [36;1mfor k in candidates:[0m
prove	UNKNOWN STEP	2026-05-25T07:55:04.6468840Z [36;1m  if k in data and isinstance(data[k], str) and data[k].strip():[0m
prove	UNKNOWN STEP	2026-05-25T07:55:04.6469181Z [36;1m    found = data[k].strip()[0m
prove	UNKNOWN STEP	2026-05-25T07:55:04.6469417Z [36;1m    break[0m
prove	UNKNOWN STEP	2026-05-25T07:55:04.6469596Z [36;1m[0m
prove	UNKNOWN STEP	2026-05-25T07:55:04.6469869Z [36;1m# Fallback: recursively scan nested objects for sha-like fields.[0m
prove	UNKNOWN STEP	2026-05-25T07:55:04.6470221Z [36;1mdef walk(node):[0m
prove	UNKNOWN STEP	2026-05-25T07:55:04.6470451Z [36;1m  if isinstance(node, dict):[0m
prove	UNKNOWN STEP	2026-05-25T07:55:04.6471086Z [36;1m    for key, value in node.items():[0m
prove	UNKNOWN STEP	2026-05-25T07:55:04.6471579Z [36;1m      key_l = str(key).lower()[0m
prove	UNKNOWN STEP	2026-05-25T07:55:04.6472076Z [36;1m      if isinstance(value, str) and value.strip() and ("sha" in key_l or key_l in {"commit", "revision", "version"}):[0m
prove	UNKNOWN STEP	2026-05-25T07:55:04.6472566Z [36;1m        return value.strip()[0m
prove	UNKNOWN STEP	2026-05-25T07:55:04.6472813Z [36;1m      child = walk(value)[0m
prove	UNKNOWN STEP	2026-05-25T07:55:04.6473044Z [36;1m      if child:[0m
prove	UNKNOWN STEP	2026-05-25T07:55:04.6473255Z [36;1m        return child[0m
prove	UNKNOWN STEP	2026-05-25T07:55:04.6473489Z [36;1m  elif isinstance(node, list):[0m
prove	UNKNOWN STEP	2026-05-25T07:55:04.6473736Z [36;1m    for item in node:[0m
prove	UNKNOWN STEP	2026-05-25T07:55:04.6473961Z [36;1m      child = walk(item)[0m
prove	UNKNOWN STEP	2026-05-25T07:55:04.6474186Z [36;1m      if child:[0m
prove	UNKNOWN STEP	2026-05-25T07:55:04.6474389Z [36;1m        return child[0m
prove	UNKNOWN STEP	2026-05-25T07:55:04.6474603Z [36;1m  return None[0m
prove	UNKNOWN STEP	2026-05-25T07:55:04.6474799Z [36;1m[0m
prove	UNKNOWN STEP	2026-05-25T07:55:04.6474962Z [36;1mif not found:[0m
prove	UNKNOWN STEP	2026-05-25T07:55:04.6475162Z [36;1m  found = walk(data)[0m
prove	UNKNOWN STEP	2026-05-25T07:55:04.6475367Z [36;1m[0m
prove	UNKNOWN STEP	2026-05-25T07:55:04.6475535Z [36;1mif not found:[0m
prove	UNKNOWN STEP	2026-05-25T07:55:04.6475843Z [36;1m  print("ERROR: Health JSON did not include a recognized SHA field.")[0m
prove	UNKNOWN STEP	2026-05-25T07:55:04.6476237Z [36;1m  print("Expected one of:", candidates)[0m
prove	UNKNOWN STEP	2026-05-25T07:55:04.6476580Z [36;1m  print("Health payload:", json.dumps(data, indent=2))[0m
prove	UNKNOWN STEP	2026-05-25T07:55:04.6476886Z [36;1m  sys.exit(2)[0m
prove	UNKNOWN STEP	2026-05-25T07:55:04.6477080Z [36;1m[0m
prove	UNKNOWN STEP	2026-05-25T07:55:04.6477249Z [36;1mif found != expected:[0m
prove	UNKNOWN STEP	2026-05-25T07:55:04.6477522Z [36;1m  print(f"FAIL: deployed SHA mismatch for {tag}")[0m
prove	UNKNOWN STEP	2026-05-25T07:55:04.6477829Z [36;1m  print(f"Expected: {expected}")[0m
prove	UNKNOWN STEP	2026-05-25T07:55:04.6478083Z [36;1m  print(f"Found:    {found}")[0m
prove	UNKNOWN STEP	2026-05-25T07:55:04.6478320Z [36;1m  sys.exit(3)[0m
prove	UNKNOWN STEP	2026-05-25T07:55:04.6478656Z [36;1m[0m
prove	UNKNOWN STEP	2026-05-25T07:55:04.6478926Z [36;1mprint(f"PASS: deployed SHA matches expected for {tag}: {found}")[0m
prove	UNKNOWN STEP	2026-05-25T07:55:04.6479259Z [36;1mPY[0m
prove	UNKNOWN STEP	2026-05-25T07:55:04.6511907Z shell: /usr/bin/bash --noprofile --norc -e -o pipefail {0}
prove	UNKNOWN STEP	2026-05-25T07:55:04.6512233Z env:
prove	UNKNOWN STEP	2026-05-25T07:55:04.6512455Z   EXPECTED: c7ab4328516ad0354d20606c5e6a60d05dc07b73
prove	UNKNOWN STEP	2026-05-25T07:55:04.6512758Z   TAG: prod-2026-03-28-02
prove	UNKNOWN STEP	2026-05-25T07:55:04.6513878Z   BODY: {"ok": true, "status": "ok", "demo_mode": false, "build_sha": "809b300cb21f2ad49e8cb4adb2e77997d9ac32b7", "prod_deploy_tag": "prod-deploy-20260521-809b300", "env": "prod", "build_time_utc": "2026-05-25T07:55:03.795597+00:00", "version": "crown-0.4.0-rc1", "db": "ok", "deploy_run_id": "26247055346", "deploy_workflow": "Production Deploy"}
prove	UNKNOWN STEP	2026-05-25T07:55:04.6515038Z ##[endgroup]
prove	UNKNOWN STEP	2026-05-25T07:55:04.6752003Z FAIL: deployed SHA mismatch for prod-2026-03-28-02
prove	UNKNOWN STEP	2026-05-25T07:55:04.6752889Z Expected: c7ab4328516ad0354d20606c5e6a60d05dc07b73
prove	UNKNOWN STEP	2026-05-25T07:55:04.6753883Z Found:    809b300cb21f2ad49e8cb4adb2e77997d9ac32b7
prove	UNKNOWN STEP	2026-05-25T07:55:04.6797603Z ##[error]Process completed with exit code 3.
prove	UNKNOWN STEP	2026-05-25T07:55:04.6892404Z Post job cleanup.
prove	UNKNOWN STEP	2026-05-25T07:55:04.7669441Z [command]/usr/bin/git version
prove	UNKNOWN STEP	2026-05-25T07:55:04.7708058Z git version 2.54.0
prove	UNKNOWN STEP	2026-05-25T07:55:04.7755832Z Temporarily overriding HOME='/home/runner/work/_temp/f3804997-2e44-4ff1-bb6e-8949f4a9d47f' before making global git config changes
prove	UNKNOWN STEP	2026-05-25T07:55:04.7850539Z Adding repository directory to the temporary git global config as a safe directory
prove	UNKNOWN STEP	2026-05-25T07:55:04.7861734Z [command]/usr/bin/git config --global --add safe.directory /home/runner/work/Crown2026/Crown2026
prove	UNKNOWN STEP	2026-05-25T07:55:04.7877010Z [command]/usr/bin/git config --local --name-only --get-regexp core\.sshCommand
prove	UNKNOWN STEP	2026-05-25T07:55:04.7879966Z [command]/usr/bin/git submodule foreach --recursive sh -c "git config --local --name-only --get-regexp 'core\.sshCommand' && git config --local --unset-all 'core.sshCommand' || :"
prove	UNKNOWN STEP	2026-05-25T07:55:04.8099995Z [command]/usr/bin/git config --local --name-only --get-regexp http\.https\:\/\/github\.com\/\.extraheader
prove	UNKNOWN STEP	2026-05-25T07:55:04.8126358Z http.https://github.com/.extraheader
prove	UNKNOWN STEP	2026-05-25T07:55:04.8142425Z [command]/usr/bin/git config --local --unset-all http.https://github.com/.extraheader
prove	UNKNOWN STEP	2026-05-25T07:55:04.8173814Z [command]/usr/bin/git submodule foreach --recursive sh -c "git config --local --name-only --get-regexp 'http\.https\:\/\/github\.com\/\.extraheader' && git config --local --unset-all 'http.https://github.com/.extraheader' || :"
prove	UNKNOWN STEP	2026-05-25T07:55:04.8514954Z Cleaning up orphan processes
prove	UNKNOWN STEP	2026-05-25T07:55:04.8756116Z ##[warning]Node.js 20 actions are deprecated. The following actions are running on Node.js 20 and may not work as expected: actions/checkout@b4ffde65f46336ab88eb53be808477a3936bae11. Actions will be forced to run with Node.js 24 by default starting June 2nd, 2026. Node.js 20 will be removed from the runner on September 16th, 2026. Please check if updated versions of these actions are available that support Node.js 24. To opt into Node.js 24 now, set the FORCE_JAVASCRIPT_ACTIONS_TO_NODE24=true environment variable on the runner or in your workflow file. Once Node.js 24 becomes the default, you can temporarily opt out by setting ACTIONS_ALLOW_USE_UNSECURE_NODE_VERSION=true. For more information see: https://github.blog/changelog/2025-09-19-deprecation-of-node-20-on-github-actions-runners/
