[S-001] run 4/5 started at 2026-05-14T07:56:11Z
Validating workflow files...

Checking azure-drift-watchdog.yml...
  OK: Encoding OK (UTF8 no-BOM)
  OK: Line endings OK (LF)

Checking backend-gate.yml...
  OK: Encoding OK (UTF8 no-BOM)
  OK: Line endings OK (LF)

Checking backend-shell-seeded-proof.yml...
  OK: Encoding OK (UTF8 no-BOM)
  OK: Line endings OK (LF)

Checking backend-shell-write-and-lifecycle-proof.yml...
  OK: Encoding OK (UTF8 no-BOM)
  OK: Line endings OK (LF)

Checking ci-meta-gate-authoring.yml...
  OK: Encoding OK (UTF8 no-BOM)
  OK: Line endings OK (LF)

Checking ci.yml...
  OK: Encoding OK (UTF8 no-BOM)
  OK: Line endings OK (LF)

Checking contract-gate.yml...
  OK: Encoding OK (UTF8 no-BOM)
  OK: Line endings OK (LF)

Checking crown-magus0-gate.yml...
  OK: Encoding OK (UTF8 no-BOM)
  OK: Line endings OK (LF)

Checking dashboards-build-gate.yml...
  OK: Encoding OK (UTF8 no-BOM)
  OK: Line endings OK (LF)

Checking demo-contract-freeze.yml...
  OK: Encoding OK (UTF8 no-BOM)
  OK: Line endings OK (LF)

Checking demo-reset-smoke.yml...
  OK: Encoding OK (UTF8 no-BOM)
  OK: Line endings OK (LF)

Checking demo-reset.yml...
  OK: Encoding OK (UTF8 no-BOM)
  OK: Line endings OK (LF)

Checking dependency-audit.yml...
  OK: Encoding OK (UTF8 no-BOM)
  OK: Line endings OK (LF)

Checking dependency-integrity-gate.yml...
  OK: Encoding OK (UTF8 no-BOM)
  OK: Line endings OK (LF)

Checking dependency-review.yml...
  OK: Encoding OK (UTF8 no-BOM)
  OK: Line endings OK (LF)

Checking dependency-scan.yml...
  OK: Encoding OK (UTF8 no-BOM)
  OK: Line endings OK (LF)

Checking deploy-dashboard.yml...
  OK: Encoding OK (UTF8 no-BOM)
  OK: Line endings OK (LF)

Checking deploy-dev.yml...
  OK: Encoding OK (UTF8 no-BOM)
  OK: Line endings OK (LF)

Checking deploy-integrity-proof.yml...
  OK: Encoding OK (UTF8 no-BOM)
  OK: Line endings OK (LF)

Checking deploy-prod-dispatch.yml...
  OK: Encoding OK (UTF8 no-BOM)
  OK: Line endings OK (LF)

Checking deploy-prod.yml...
  OK: Encoding OK (UTF8 no-BOM)
  OK: Line endings OK (LF)

Checking dev-smoke-azure-dev.yml...
  OK: Encoding OK (UTF8 no-BOM)
  OK: Line endings OK (LF)

Checking dev-smoke.yml...
  OK: Encoding OK (UTF8 no-BOM)
  OK: Line endings OK (LF)

Checking frontend-bundle-budget.yml...
  OK: Encoding OK (UTF8 no-BOM)
  OK: Line endings OK (LF)

Checking frontend-quality-gates.yml...
  OK: Encoding OK (UTF8 no-BOM)
  OK: Line endings OK (LF)

Checking frontend-shell-certification.yml...
  OK: Encoding OK (UTF8 no-BOM)
  OK: Line endings OK (LF)

Checking full-surface-verification.yml...
  OK: Encoding OK (UTF8 no-BOM)
  OK: Line endings OK (LF)

Checking governance-inventory-report.yml...
  OK: Encoding OK (UTF8 no-BOM)
  OK: Line endings OK (LF)

Checking gradebookro-ui-gate.yml...
  OK: Encoding OK (UTF8 no-BOM)
  OK: Line endings OK (LF)

Checking license-audit.yml...
  OK: Encoding OK (UTF8 no-BOM)
  OK: Line endings OK (LF)

Checking lockdown-golden-path-gate.yml...
  OK: Encoding OK (UTF8 no-BOM)
  OK: Line endings OK (LF)

Checking migration-lock-gate.yml...
  OK: Encoding OK (UTF8 no-BOM)
  OK: Line endings OK (LF)

Checking ops-reset-dev.yml...
  OK: Encoding OK (UTF8 no-BOM)
  OK: Line endings OK (LF)

Checking p0-phase1-integrity-gate.yml...
  FAIL: UTF8-BOM detected (should be UTF8 no-BOM)
  OK: Line endings OK (LF)

Checking phase1-gate.yml...
  OK: Encoding OK (UTF8 no-BOM)
  OK: Line endings OK (LF)

Checking phase3-demo-proof-pack.yml...
  OK: Encoding OK (UTF8 no-BOM)
  OK: Line endings OK (LF)

Checking phase3-runtime-proof.yml...
  OK: Encoding OK (UTF8 no-BOM)
  OK: Line endings OK (LF)

Checking phase4-gradebook-demo-proof.yml...
  OK: Encoding OK (UTF8 no-BOM)
  OK: Line endings OK (LF)

Checking prod-health-watch.yml...
  OK: Encoding OK (UTF8 no-BOM)
  OK: Line endings OK (LF)

Checking prod-integrity-proof.yml...
  OK: Encoding OK (UTF8 no-BOM)
  OK: Line endings OK (LF)

Checking prod-rollback-on-failure.yml...
  OK: Encoding OK (UTF8 no-BOM)
  OK: Line endings OK (LF)

Checking proof-ceremony-after-prod.yml...
  OK: Encoding OK (UTF8 no-BOM)
  OK: Line endings OK (LF)

Checking proof-ceremony-prod.yml...
  OK: Encoding OK (UTF8 no-BOM)
  OK: Line endings OK (LF)

Checking proof-ceremony.yml...
  OK: Encoding OK (UTF8 no-BOM)
  OK: Line endings OK (LF)

Checking proof-gradebook.yml...
  OK: Encoding OK (UTF8 no-BOM)
  OK: Line endings OK (LF)

Checking public-repo-quality-gate.yml...
  OK: Encoding OK (UTF8 no-BOM)
  OK: Line endings OK (LF)

Checking pytest-gate.yml...
  OK: Encoding OK (UTF8 no-BOM)
  OK: Line endings OK (LF)

Checking rc-build-sha-proof.yml...
  OK: Encoding OK (UTF8 no-BOM)
  OK: Line endings OK (LF)

Checking rc-gate.yml...
  OK: Encoding OK (UTF8 no-BOM)
  OK: Line endings OK (LF)

Checking rc-promotion-gate.yml...
  OK: Encoding OK (UTF8 no-BOM)
  OK: Line endings OK (LF)

Checking rc-runbook.yml...
  OK: Encoding OK (UTF8 no-BOM)
  OK: Line endings OK (LF)

Checking rc-tier1-deployed-smoke.yml...
  OK: Encoding OK (UTF8 no-BOM)
  OK: Line endings OK (LF)

Checking release-scorecard.yml...
  OK: Encoding OK (UTF8 no-BOM)
  OK: Line endings OK (LF)

Checking release-verify.yml...
  OK: Encoding OK (UTF8 no-BOM)
  OK: Line endings OK (LF)

Checking routes-gate.yml...
  OK: Encoding OK (UTF8 no-BOM)
  OK: Line endings OK (LF)

Checking sbom-generation.yml...
  OK: Encoding OK (UTF8 no-BOM)
  OK: Line endings OK (LF)

Checking schema-governance.yml...
  OK: Encoding OK (UTF8 no-BOM)
  OK: Line endings OK (LF)

Checking secret-scan.yml...
  OK: Encoding OK (UTF8 no-BOM)
  OK: Line endings OK (LF)

Checking secrets-usage-inventory.yml...
  OK: Encoding OK (UTF8 no-BOM)
  OK: Line endings OK (LF)

Checking shell-backend-contract-parity.yml...
  OK: Encoding OK (UTF8 no-BOM)
  OK: Line endings OK (LF)

Checking spine-audit.yml...
  OK: Encoding OK (UTF8 no-BOM)
  OK: Line endings OK (LF)

Checking stale-branches.yml...
  OK: Encoding OK (UTF8 no-BOM)
  OK: Line endings OK (LF)

Checking system-health.yml...
  OK: Encoding OK (UTF8 no-BOM)
  OK: Line endings OK (LF)

Checking tenant-isolation-gate.yml...
  OK: Encoding OK (UTF8 no-BOM)
  OK: Line endings OK (LF)

Checking tests.yml...
  OK: Encoding OK (UTF8 no-BOM)
  OK: Line endings OK (LF)

Checking ui-proof-gate.yml...
  OK: Encoding OK (UTF8 no-BOM)
  OK: Line endings OK (LF)

Checking ui-proof-gates.yml...
  OK: Encoding OK (UTF8 no-BOM)
  OK: Line endings OK (LF)

Checking ui-shell-gate.yml...
  OK: Encoding OK (UTF8 no-BOM)
  OK: Line endings OK (LF)

Checking workflow-lint.yml...
  OK: Encoding OK (UTF8 no-BOM)
  OK: Line endings OK (LF)

Checking workflow-permissions-audit.yml...
  OK: Encoding OK (UTF8 no-BOM)
  OK: Line endings OK (LF)

Checking workflow-policy-gate.yml...
  OK: Encoding OK (UTF8 no-BOM)
  OK: Line endings OK (LF)

FAIL: Validation failed with 1 errors
[S-001] run 4 FAIL (exit 1)
